*** Using Compiler 'V5.06 update 5 (build 528)', folder: 'F:\Keil5\ARM\ARMCC\Bin'
Rebuild target 'RobotLower computer'
assembling startup_stm32h723xx.s...
compiling dma.c...
compiling usart.c...
compiling stm32h7xx_hal_hsem.c...
compiling stm32h7xx_hal_pwr.c...
compiling stm32h7xx_hal_msp.c...
compiling stm32h7xx_it.c...
compiling stm32h7xx_hal_gpio.c...
compiling stm32h7xx_hal_mdma.c...
compiling stm32h7xx_hal_timebase_tim.c...
compiling fdcan.c...
compiling stm32h7xx_hal_cortex.c...
compiling croutine.c...
compiling event_groups.c...
compiling list.c...
compiling gpio.c...
compiling stm32h7xx_hal_flash_ex.c...
compiling queue.c...
compiling stream_buffer.c...
compiling timers.c...
compiling heap_4.c...
compiling tasks.c...
compiling freertos.c...
compiling stm32h7xx_hal_tim_ex.c...
compiling port.c...
compiling stm32h7xx_hal_flash.c...
compiling ControlAlgorithm.c...
compiling DJIMotor.c...
"no source": Error:  #5: cannot open source input file "../APP/Common/DJIMotor.c": No such file or directory
../APP/Common/DJIMotor.c: 0 warnings, 1 error
compiling main.c...
compiling stm32h7xx_hal_pwr_ex.c...
compiling stm32h7xx_hal_dma_ex.c...
compiling stm32h7xx_hal_tim.c...
compiling stm32h7xx_hal_rcc.c...
compiling stm32h7xx_hal_rcc_ex.c...
compiling stm32h7xx_hal_dma.c...
compiling stm32h7xx_hal_uart_ex.c...
compiling stm32h7xx_hal_i2c_ex.c...
compiling stm32h7xx_hal.c...
compiling system_stm32h7xx.c...
compiling fdcan_common.c...
compiling stm32h7xx_hal_exti.c...
compiling DJIMotor.c...
compiling Test.c...
compiling stm32h7xx_hal_fdcan.c...
compiling cmsis_os2.c...
compiling stm32h7xx_hal_i2c.c...
compiling stm32h7xx_hal_uart.c...
linking...
RobotLower computer\RobotLower computer.axf: error: L6002U: Could not open file robotlower computer\djimotor.o: No such file or directory
Finished: 0 information, 0 warning, 0 error and 1 fatal error messages.
"RobotLower computer\RobotLower computer.axf" - 1 Error(s), 0 Warning(s).
Target not created.
Build Time Elapsed:  00:00:19
