Component: ARM Compiler 5.06 update 5 (build 528) Tool: armlink [4d35e2]

==============================================================================

Section Cross References

    startup_stm32f103xe.o(STACK) refers (Special) to heapauxi.o(.text) for __use_two_region_memory
    startup_stm32f103xe.o(HEAP) refers (Special) to heapauxi.o(.text) for __use_two_region_memory
    startup_stm32f103xe.o(RESET) refers (Special) to heapauxi.o(.text) for __use_two_region_memory
    startup_stm32f103xe.o(RESET) refers to startup_stm32f103xe.o(STACK) for __initial_sp
    startup_stm32f103xe.o(RESET) refers to startup_stm32f103xe.o(.text) for Reset_Handler
    startup_stm32f103xe.o(RESET) refers to stm32f1xx_it.o(i.NMI_Handler) for NMI_Handler
    startup_stm32f103xe.o(RESET) refers to stm32f1xx_it.o(i.HardFault_Handler) for HardFault_Handler
    startup_stm32f103xe.o(RESET) refers to stm32f1xx_it.o(i.MemManage_Handler) for MemManage_Handler
    startup_stm32f103xe.o(RESET) refers to stm32f1xx_it.o(i.BusFault_Handler) for BusFault_Handler
    startup_stm32f103xe.o(RESET) refers to stm32f1xx_it.o(i.UsageFault_Handler) for UsageFault_Handler
    startup_stm32f103xe.o(RESET) refers to stm32f1xx_it.o(i.SVC_Handler) for SVC_Handler
    startup_stm32f103xe.o(RESET) refers to stm32f1xx_it.o(i.DebugMon_Handler) for DebugMon_Handler
    startup_stm32f103xe.o(RESET) refers to stm32f1xx_it.o(i.PendSV_Handler) for PendSV_Handler
    startup_stm32f103xe.o(RESET) refers to stm32f1xx_it.o(i.SysTick_Handler) for SysTick_Handler
    startup_stm32f103xe.o(RESET) refers to stm32f1xx_it.o(i.DMA1_Channel1_IRQHandler) for DMA1_Channel1_IRQHandler
    startup_stm32f103xe.o(RESET) refers to stm32f1xx_it.o(i.DMA1_Channel4_IRQHandler) for DMA1_Channel4_IRQHandler
    startup_stm32f103xe.o(RESET) refers to stm32f1xx_it.o(i.DMA1_Channel5_IRQHandler) for DMA1_Channel5_IRQHandler
    startup_stm32f103xe.o(RESET) refers to stm32f1xx_it.o(i.DMA1_Channel6_IRQHandler) for DMA1_Channel6_IRQHandler
    startup_stm32f103xe.o(RESET) refers to stm32f1xx_it.o(i.DMA1_Channel7_IRQHandler) for DMA1_Channel7_IRQHandler
    startup_stm32f103xe.o(RESET) refers to stm32f1xx_it.o(i.ADC1_2_IRQHandler) for ADC1_2_IRQHandler
    startup_stm32f103xe.o(RESET) refers to stm32f1xx_it.o(i.TIM1_UP_IRQHandler) for TIM1_UP_IRQHandler
    startup_stm32f103xe.o(RESET) refers to stm32f1xx_it.o(i.USART1_IRQHandler) for USART1_IRQHandler
    startup_stm32f103xe.o(RESET) refers to stm32f1xx_it.o(i.USART2_IRQHandler) for USART2_IRQHandler
    startup_stm32f103xe.o(.text) refers (Special) to heapauxi.o(.text) for __use_two_region_memory
    startup_stm32f103xe.o(.text) refers to system_stm32f1xx.o(i.SystemInit) for SystemInit
    startup_stm32f103xe.o(.text) refers to __main.o(!!!main) for __main
    startup_stm32f103xe.o(.text) refers to startup_stm32f103xe.o(HEAP) for Heap_Mem
    startup_stm32f103xe.o(.text) refers to startup_stm32f103xe.o(STACK) for Stack_Mem
    main.o(i.SystemClock_Config) refers to rt_memclr_w.o(.text) for __aeabi_memclr4
    main.o(i.SystemClock_Config) refers to stm32f1xx_hal_rcc.o(i.HAL_RCC_OscConfig) for HAL_RCC_OscConfig
    main.o(i.SystemClock_Config) refers to stm32f1xx_hal_rcc.o(i.HAL_RCC_ClockConfig) for HAL_RCC_ClockConfig
    main.o(i.SystemClock_Config) refers to stm32f1xx_hal_rcc_ex.o(i.HAL_RCCEx_PeriphCLKConfig) for HAL_RCCEx_PeriphCLKConfig
    main.o(i.main) refers to stm32f1xx_hal.o(i.HAL_Init) for HAL_Init
    main.o(i.main) refers to main.o(i.SystemClock_Config) for SystemClock_Config
    main.o(i.main) refers to gpio.o(i.MX_GPIO_Init) for MX_GPIO_Init
    main.o(i.main) refers to dma.o(i.MX_DMA_Init) for MX_DMA_Init
    main.o(i.main) refers to adc.o(i.MX_ADC1_Init) for MX_ADC1_Init
    main.o(i.main) refers to usart.o(i.MX_USART1_UART_Init) for MX_USART1_UART_Init
    main.o(i.main) refers to tim.o(i.MX_TIM1_Init) for MX_TIM1_Init
    main.o(i.main) refers to usart.o(i.MX_USART2_UART_Init) for MX_USART2_UART_Init
    main.o(i.main) refers to i2c.o(i.MX_I2C1_Init) for MX_I2C1_Init
    main.o(i.main) refers to process.o(i.Handle_Init) for Handle_Init
    main.o(i.main) refers to zigbee.o(i.Zigbee_Init) for Zigbee_Init
    main.o(i.main) refers to oled.o(i.OLED_Init) for OLED_Init
    main.o(i.main) refers to oled.o(i.OLED_NewFrame) for OLED_NewFrame
    main.o(i.main) refers to oled.o(i.OLED_PrintString) for OLED_PrintString
    main.o(i.main) refers to oled.o(i.OLED_ShowFrame) for OLED_ShowFrame
    main.o(i.main) refers to stm32f1xx_hal.o(i.HAL_GetTick) for HAL_GetTick
    main.o(i.main) refers to process.o(i.HandleOrderProcess) for HandleOrderProcess
    main.o(i.main) refers to zigbee.o(i.Zigbee_Send) for Zigbee_Send
    main.o(i.main) refers to zigbee.o(i.Zigbee_ErrorHandler) for Zigbee_ErrorHandler
    main.o(i.main) refers to main.o(.bss) for .bss
    main.o(i.main) refers to font.o(.constdata) for font16x16
    main.o(i.main) refers to main.o(.data) for .data
[...]
    .text                                    0x0800020c   Section        0  memcmp.o(.text)
    .text                                    0x08000264   Section      138  rt_memcpy_v6.o(.text)
    .text                                    0x080002ee   Section      100  rt_memcpy_w.o(.text)
    .text                                    0x08000352   Section       68  rt_memclr.o(.text)
    .text                                    0x08000396   Section       78  rt_memclr_w.o(.text)
    .text                                    0x080003e4   Section        0  heapauxi.o(.text)
    .text                                    0x080003ea   Section       74  sys_stackheap_outer.o(.text)
    .text                                    0x08000434   Section        0  exit.o(.text)
    .text                                    0x08000448   Section        8  libspace.o(.text)
    .text                                    0x08000450   Section        0  sys_exit.o(.text)
    .text                                    0x0800045c   Section        2  use_no_semi.o(.text)
    .text                                    0x0800045e   Section        0  indicate_semi.o(.text)
    i.ADC1_2_IRQHandler                      0x08000460   Section        0  stm32f1xx_it.o(i.ADC1_2_IRQHandler)
    i.ADC_ConversionStop_Disable             0x0800046c   Section        0  stm32f1xx_hal_adc.o(i.ADC_ConversionStop_Disable)
    i.ADC_DMAConvCplt                        0x080004c0   Section        0  stm32f1xx_hal_adc.o(i.ADC_DMAConvCplt)
    i.ADC_DMAError                           0x0800050e   Section        0  stm32f1xx_hal_adc.o(i.ADC_DMAError)
    i.ADC_DMAHalfConvCplt                    0x08000528   Section        0  stm32f1xx_hal_adc.o(i.ADC_DMAHalfConvCplt)
    i.ADC_Enable                             0x08000534   Section        0  stm32f1xx_hal_adc.o(i.ADC_Enable)
    i.ADC_MapSpeed                           0x080005ac   Section        0  process.o(i.ADC_MapSpeed)
    ADC_MapSpeed                             0x080005ad   Thumb Code    66  process.o(i.ADC_MapSpeed)
    i.BusFault_Handler                       0x080005f4   Section        0  stm32f1xx_it.o(i.BusFault_Handler)
    i.DMA1_Channel1_IRQHandler               0x080005f8   Section        0  stm32f1xx_it.o(i.DMA1_Channel1_IRQHandler)
    i.DMA1_Channel4_IRQHandler               0x08000604   Section        0  stm32f1xx_it.o(i.DMA1_Channel4_IRQHandler)
    i.DMA1_Channel5_IRQHandler               0x08000610   Section        0  stm32f1xx_it.o(i.DMA1_Channel5_IRQHandler)
    i.DMA1_Channel6_IRQHandler               0x0800061c   Section        0  stm32f1xx_it.o(i.DMA1_Channel6_IRQHandler)
    i.DMA1_Channel7_IRQHandler               0x08000628   Section        0  stm32f1xx_it.o(i.DMA1_Channel7_IRQHandler)
    i.DMA_SetConfig                          0x08000634   Section        0  stm32f1xx_hal_dma.o(i.DMA_SetConfig)
    DMA_SetConfig                            0x08000635   Thumb Code    42  stm32f1xx_hal_dma.o(i.DMA_SetConfig)
    i.DebugMon_Handler                       0x0800065e   Section        0  stm32f1xx_it.o(i.DebugMon_Handler)
    i.Error_Handler                          0x08000660   Section        0  main.o(i.Error_Handler)
    i.HAL_ADCEx_Calibration_Start            0x08000664   Section        0  stm32f1xx_hal_adc_ex.o(i.HAL_ADCEx_Calibration_Start)
    i.HAL_ADCEx_InjectedConvCpltCallback     0x0800073c   Section        0  stm32f1xx_hal_adc_ex.o(i.HAL_ADCEx_InjectedConvCpltCallback)
    i.HAL_ADC_ConfigChannel                  0x08000740   Section        0  stm32f1xx_hal_adc.o(i.HAL_ADC_ConfigChannel)
    i.HAL_ADC_ConvCpltCallback               0x0800083c   Section        0  stm32f1xx_hal_adc.o(i.HAL_ADC_ConvCpltCallback)
    i.HAL_ADC_ConvHalfCpltCallback           0x0800083e   Section        0  stm32f1xx_hal_adc.o(i.HAL_ADC_ConvHalfCpltCallback)
    i.HAL_ADC_ErrorCallback                  0x08000840   Section        0  stm32f1xx_hal_adc.o(i.HAL_ADC_ErrorCallback)
    i.HAL_ADC_IRQHandler                     0x08000842   Section        0  stm32f1xx_hal_adc.o(i.HAL_ADC_IRQHandler)
    i.HAL_ADC_Init                           0x08000920   Section        0  stm32f1xx_hal_adc.o(i.HAL_ADC_Init)
    i.HAL_ADC_LevelOutOfWindowCallback       0x08000a40   Section        0  stm32f1xx_hal_adc.o(i.HAL_ADC_LevelOutOfWindowCallback)
    i.HAL_ADC_MspInit                        0x08000a44   Section        0  adc.o(i.HAL_ADC_MspInit)
    i.HAL_ADC_Start_DMA                      0x08000b04   Section        0  stm32f1xx_hal_adc.o(i.HAL_ADC_Start_DMA)
    i.HAL_DMA_Abort                          0x08000c10   Section        0  stm32f1xx_hal_dma.o(i.HAL_DMA_Abort)
    i.HAL_DMA_Abort_IT                       0x08000c58   Section        0  stm32f1xx_hal_dma.o(i.HAL_DMA_Abort_IT)
    i.HAL_DMA_IRQHandler                     0x08000d88   Section        0  stm32f1xx_hal_dma.o(i.HAL_DMA_IRQHandler)
    i.HAL_DMA_Init                           0x08000fd0   Section        0  stm32f1xx_hal_dma.o(i.HAL_DMA_Init)
    i.HAL_DMA_Start_IT                       0x0800104c   Section        0  stm32f1xx_hal_dma.o(i.HAL_DMA_Start_IT)
    i.HAL_GPIO_Init                          0x080010bc   Section        0  stm32f1xx_hal_gpio.o(i.HAL_GPIO_Init)
    i.HAL_GPIO_ReadPin                       0x080012ac   Section        0  stm32f1xx_hal_gpio.o(i.HAL_GPIO_ReadPin)
    i.HAL_GetTick                            0x080012b8   Section        0  stm32f1xx_hal.o(i.HAL_GetTick)
    i.HAL_I2C_Init                           0x080012c4   Section        0  stm32f1xx_hal_i2c.o(i.HAL_I2C_Init)
    i.HAL_I2C_Master_Transmit                0x0800144c   Section        0  stm32f1xx_hal_i2c.o(i.HAL_I2C_Master_Transmit)
    i.HAL_I2C_MspInit                        0x08001578   Section        0  i2c.o(i.HAL_I2C_MspInit)
    i.HAL_IncTick                            0x080015e8   Section        0  stm32f1xx_hal.o(i.HAL_IncTick)
    i.HAL_Init                               0x080015f8   Section        0  stm32f1xx_hal.o(i.HAL_Init)
    i.HAL_InitTick                           0x0800161c   Section        0  stm32f1xx_hal.o(i.HAL_InitTick)
    i.HAL_MspInit                            0x0800165c   Section        0  stm32f1xx_hal_msp.o(i.HAL_MspInit)
    i.HAL_NVIC_EnableIRQ                     0x08001698   Section        0  stm32f1xx_hal_cortex.o(i.HAL_NVIC_EnableIRQ)
    i.HAL_NVIC_SetPriority                   0x080016b4   Section        0  stm32f1xx_hal_cortex.o(i.HAL_NVIC_SetPriority)
    i.HAL_NVIC_SetPriorityGrouping           0x080016f4   Section        0  stm32f1xx_hal_cortex.o(i.HAL_NVIC_SetPriorityGrouping)
    i.HAL_RCCEx_GetPeriphCLKFreq             0x08001718   Section        0  stm32f1xx_hal_rcc_ex.o(i.HAL_RCCEx_GetPeriphCLKFreq)
    i.HAL_RCCEx_PeriphCLKConfig              0x080017d0   Section        0  stm32f1xx_hal_rcc_ex.o(i.HAL_RCCEx_PeriphCLKConfig)
    i.HAL_RCC_ClockConfig                    0x080018b8   Section        0  stm32f1xx_hal_rcc.o(i.HAL_RCC_ClockConfig)
    i.HAL_RCC_GetPCLK1Freq                   0x080019f0   Section        0  stm32f1xx_hal_rcc.o(i.HAL_RCC_GetPCLK1Freq)
    i.HAL_RCC_GetPCLK2Freq                   0x08001a10   Section        0  stm32f1xx_hal_rcc.o(i.HAL_RCC_GetPCLK2Freq)
    i.HAL_RCC_GetSysClockFreq                0x08001a30   Section        0  stm32f1xx_hal_rcc.o(i.HAL_RCC_GetSysClockFreq)
    i.HAL_RCC_OscConfig                      0x08001a7c   Section        0  stm32f1xx_hal_rcc.o(i.HAL_RCC_OscConfig)
    i.HAL_SYSTICK_Config                     0x08001d94   Section        0  stm32f1xx_hal_cortex.o(i.HAL_SYSTICK_Config)
    i.HAL_TIMEx_BreakCallback                0x08001dbc   Section        0  stm32f1xx_hal_tim_ex.o(i.HAL_TIMEx_BreakCallback)
    i.HAL_TIMEx_CommutCallback               0x08001dbe   Section        0  stm32f1xx_hal_tim_ex.o(i.HAL_TIMEx_CommutCallback)
    i.HAL_TIMEx_MasterConfigSynchronization  0x08001dc0   Section        0  stm32f1xx_hal_tim_ex.o(i.HAL_TIMEx_MasterConfigSynchronization)
    i.HAL_TIM_Base_Init                      0x08001e3c   Section        0  stm32f1xx_hal_tim.o(i.HAL_TIM_Base_Init)
    i.HAL_TIM_Base_MspInit                   0x08001e98   Section        0  tim.o(i.HAL_TIM_Base_MspInit)
    i.HAL_TIM_ConfigClockSource              0x08001ed4   Section        0  stm32f1xx_hal_tim.o(i.HAL_TIM_ConfigClockSource)
    i.HAL_TIM_IC_CaptureCallback             0x08001fb0   Section        0  stm32f1xx_hal_tim.o(i.HAL_TIM_IC_CaptureCallback)
    i.HAL_TIM_IRQHandler                     0x08001fb2   Section        0  stm32f1xx_hal_tim.o(i.HAL_TIM_IRQHandler)
    i.HAL_TIM_OC_DelayElapsedCallback        0x080020e2   Section        0  stm32f1xx_hal_tim.o(i.HAL_TIM_OC_DelayElapsedCallback)
    i.HAL_TIM_PWM_PulseFinishedCallback      0x080020e4   Section        0  stm32f1xx_hal_tim.o(i.HAL_TIM_PWM_PulseFinishedCallback)
    i.HAL_TIM_PeriodElapsedCallback          0x080020e6   Section        0  stm32f1xx_hal_tim.o(i.HAL_TIM_PeriodElapsedCallback)
    i.HAL_TIM_TriggerCallback                0x080020e8   Section        0  stm32f1xx_hal_tim.o(i.HAL_TIM_TriggerCallback)
    i.HAL_UARTEx_ReceiveToIdle_DMA           0x080020ea   Section        0  stm32f1xx_hal_uart.o(i.HAL_UARTEx_ReceiveToIdle_DMA)
    i.HAL_UARTEx_RxEventCallback             0x0800213c   Section        0  test_zigbee.o(i.HAL_UARTEx_RxEventCallback)
    i.HAL_UART_ErrorCallback                 0x08002158   Section        0  stm32f1xx_hal_uart.o(i.HAL_UART_ErrorCallback)
    i.HAL_UART_IRQHandler                    0x0800215c   Section        0  stm32f1xx_hal_uart.o(i.HAL_UART_IRQHandler)
    i.HAL_UART_Init                          0x080023c8   Section        0  stm32f1xx_hal_uart.o(i.HAL_UART_Init)
    i.HAL_UART_MspInit                       0x0800242c   Section        0  usart.o(i.HAL_UART_MspInit)
    i.HAL_UART_RxCpltCallback                0x080025e0   Section        0  stm32f1xx_hal_uart.o(i.HAL_UART_RxCpltCallback)
    i.HAL_UART_RxHalfCpltCallback            0x080025e2   Section        0  stm32f1xx_hal_uart.o(i.HAL_UART_RxHalfCpltCallback)
    i.HAL_UART_Transmit_DMA                  0x080025e4   Section        0  stm32f1xx_hal_uart.o(i.HAL_UART_Transmit_DMA)
    i.HAL_UART_TxCpltCallback                0x08002660   Section        0  stm32f1xx_hal_uart.o(i.HAL_UART_TxCpltCallback)
    i.HAL_UART_TxHalfCpltCallback            0x08002662   Section        0  stm32f1xx_hal_uart.o(i.HAL_UART_TxHalfCpltCallback)
    i.HandleOrderProcess                     0x08002664   Section        0  process.o(i.HandleOrderProcess)
    i.Handle_Init                            0x080027e0   Section        0  process.o(i.Handle_Init)
    i.HardFault_Handler                      0x0800281c   Section        0  stm32f1xx_it.o(i.HardFault_Handler)
    i.I2C_IsAcknowledgeFailed                0x0800281e   Section        0  stm32f1xx_hal_i2c.o(i.I2C_IsAcknowledgeFailed)
    I2C_IsAcknowledgeFailed                  0x0800281f   Thumb Code    46  stm32f1xx_hal_i2c.o(i.I2C_IsAcknowledgeFailed)
    i.I2C_MasterRequestWrite                 0x0800284c   Section        0  stm32f1xx_hal_i2c.o(i.I2C_MasterRequestWrite)
    I2C_MasterRequestWrite                   0x0800284d   Thumb Code   150  stm32f1xx_hal_i2c.o(i.I2C_MasterRequestWrite)
    i.I2C_WaitOnBTFFlagUntilTimeout          0x080028e8   Section        0  stm32f1xx_hal_i2c.o(i.I2C_WaitOnBTFFlagUntilTimeout)
    I2C_WaitOnBTFFlagUntilTimeout            0x080028e9   Thumb Code    86  stm32f1xx_hal_i2c.o(i.I2C_WaitOnBTFFlagUntilTimeout)
    i.I2C_WaitOnFlagUntilTimeout             0x0800293e   Section        0  stm32f1xx_hal_i2c.o(i.I2C_WaitOnFlagUntilTimeout)
    I2C_WaitOnFlagUntilTimeout               0x0800293f   Thumb Code   136  stm32f1xx_hal_i2c.o(i.I2C_WaitOnFlagUntilTimeout)
    i.I2C_WaitOnMasterAddressFlagUntilTimeout 0x080029c6   Section        0  stm32f1xx_hal_i2c.o(i.I2C_WaitOnMasterAddressFlagUntilTimeout)
    I2C_WaitOnMasterAddressFlagUntilTimeout  0x080029c7   Thumb Code   186  stm32f1xx_hal_i2c.o(i.I2C_WaitOnMasterAddressFlagUntilTimeout)
    i.I2C_WaitOnTXEFlagUntilTimeout          0x08002a80   Section        0  stm32f1xx_hal_i2c.o(i.I2C_WaitOnTXEFlagUntilTimeout)
    I2C_WaitOnTXEFlagUntilTimeout            0x08002a81   Thumb Code    86  stm32f1xx_hal_i2c.o(i.I2C_WaitOnTXEFlagUntilTimeout)
    i.MX_ADC1_Init                           0x08002ad8   Section        0  adc.o(i.MX_ADC1_Init)
    i.MX_DMA_Init                            0x08002b50   Section        0  dma.o(i.MX_DMA_Init)
    i.MX_GPIO_Init                           0x08002bbc   Section        0  gpio.o(i.MX_GPIO_Init)
    i.MX_I2C1_Init                           0x08002c70   Section        0  i2c.o(i.MX_I2C1_Init)
    i.MX_TIM1_Init                           0x08002cb0   Section        0  tim.o(i.MX_TIM1_Init)
    i.MX_USART1_UART_Init                    0x08002d18   Section        0  usart.o(i.MX_USART1_UART_Init)
    i.MX_USART2_UART_Init                    0x08002d50   Section        0  usart.o(i.MX_USART2_UART_Init)
    i.MemManage_Handler                      0x08002d88   Section        0  stm32f1xx_it.o(i.MemManage_Handler)
    i.NMI_Handler                            0x08002d8a   Section        0  stm32f1xx_it.o(i.NMI_Handler)
    i.OLED_Init                              0x08002d8c   Section        0  oled.o(i.OLED_Init)
    i.OLED_NewFrame                          0x08002e44   Section        0  oled.o(i.OLED_NewFrame)
    i.OLED_PrintASCIIChar                    0x08002e54   Section        0  oled.o(i.OLED_PrintASCIIChar)
    i.OLED_PrintString                       0x08002e74   Section        0  oled.o(i.OLED_PrintString)
    i.OLED_Send                              0x08002f3c   Section        0  oled.o(i.OLED_Send)
    i.OLED_SendCmd                           0x08002f58   Section        0  oled.o(i.OLED_SendCmd)
    i.OLED_SetBits                           0x08002f68   Section        0  oled.o(i.OLED_SetBits)
    i.OLED_SetBits_Fine                      0x08002fb0   Section        0  oled.o(i.OLED_SetBits_Fine)
    i.OLED_SetBlock                          0x08003018   Section        0  oled.o(i.OLED_SetBlock)
    i.OLED_SetByte_Fine                      0x080030a4   Section        0  oled.o(i.OLED_SetByte_Fine)
    i.OLED_ShowFrame                         0x080030ec   Section        0  oled.o(i.OLED_ShowFrame)
    i.PendSV_Handler                         0x08003134   Section        0  stm32f1xx_it.o(i.PendSV_Handler)
    i.SVC_Handler                            0x08003136   Section        0  stm32f1xx_it.o(i.SVC_Handler)
    i.SysTick_Handler                        0x08003138   Section        0  stm32f1xx_it.o(i.SysTick_Handler)
    i.SystemClock_Config                     0x0800313c   Section        0  main.o(i.SystemClock_Config)
    i.SystemInit                             0x080031b6   Section        0  system_stm32f1xx.o(i.SystemInit)
    i.TIM1_UP_IRQHandler                     0x080031b8   Section        0  stm32f1xx_it.o(i.TIM1_UP_IRQHandler)
    i.TIM_Base_SetConfig                     0x080031c4   Section        0  stm32f1xx_hal_tim.o(i.TIM_Base_SetConfig)
    i.TIM_ETR_SetConfig                      0x08003260   Section        0  stm32f1xx_hal_tim.o(i.TIM_ETR_SetConfig)
    i.TIM_ITRx_SetConfig                     0x08003274   Section        0  stm32f1xx_hal_tim.o(i.TIM_ITRx_SetConfig)
    TIM_ITRx_SetConfig                       0x08003275   Thumb Code    16  stm32f1xx_hal_tim.o(i.TIM_ITRx_SetConfig)
    i.TIM_TI1_ConfigInputStage               0x08003284   Section        0  stm32f1xx_hal_tim.o(i.TIM_TI1_ConfigInputStage)
    TIM_TI1_ConfigInputStage                 0x08003285   Thumb Code    34  stm32f1xx_hal_tim.o(i.TIM_TI1_ConfigInputStage)
    i.TIM_TI2_ConfigInputStage               0x080032a6   Section        0  stm32f1xx_hal_tim.o(i.TIM_TI2_ConfigInputStage)
    TIM_TI2_ConfigInputStage                 0x080032a7   Thumb Code    36  stm32f1xx_hal_tim.o(i.TIM_TI2_ConfigInputStage)
    i.UART_DMAAbortOnError                   0x080032ca   Section        0  stm32f1xx_hal_uart.o(i.UART_DMAAbortOnError)
    UART_DMAAbortOnError                     0x080032cb   Thumb Code    16  stm32f1xx_hal_uart.o(i.UART_DMAAbortOnError)
    i.UART_DMAError                          0x080032da   Section        0  stm32f1xx_hal_uart.o(i.UART_DMAError)
    UART_DMAError                            0x080032db   Thumb Code    74  stm32f1xx_hal_uart.o(i.UART_DMAError)
    i.UART_DMAReceiveCplt                    0x08003324   Section        0  stm32f1xx_hal_uart.o(i.UART_DMAReceiveCplt)
    UART_DMAReceiveCplt                      0x08003325   Thumb Code   134  stm32f1xx_hal_uart.o(i.UART_DMAReceiveCplt)
    i.UART_DMARxHalfCplt                     0x080033aa   Section        0  stm32f1xx_hal_uart.o(i.UART_DMARxHalfCplt)
    UART_DMARxHalfCplt                       0x080033ab   Thumb Code    30  stm32f1xx_hal_uart.o(i.UART_DMARxHalfCplt)
    i.UART_DMATransmitCplt                   0x080033c8   Section        0  stm32f1xx_hal_uart.o(i.UART_DMATransmitCplt)
    UART_DMATransmitCplt                     0x080033c9   Thumb Code    66  stm32f1xx_hal_uart.o(i.UART_DMATransmitCplt)
    i.UART_DMATxHalfCplt                     0x0800340a   Section        0  stm32f1xx_hal_uart.o(i.UART_DMATxHalfCplt)
    UART_DMATxHalfCplt                       0x0800340b   Thumb Code    10  stm32f1xx_hal_uart.o(i.UART_DMATxHalfCplt)
    i.UART_EndRxTransfer                     0x08003414   Section        0  stm32f1xx_hal_uart.o(i.UART_EndRxTransfer)
    UART_EndRxTransfer                       0x08003415   Thumb Code    78  stm32f1xx_hal_uart.o(i.UART_EndRxTransfer)
    i.UART_EndTxTransfer                     0x08003462   Section        0  stm32f1xx_hal_uart.o(i.UART_EndTxTransfer)
    UART_EndTxTransfer                       0x08003463   Thumb Code    28  stm32f1xx_hal_uart.o(i.UART_EndTxTransfer)
    i.UART_Receive_IT                        0x0800347e   Section        0  stm32f1xx_hal_uart.o(i.UART_Receive_IT)
    UART_Receive_IT                          0x0800347f   Thumb Code   194  stm32f1xx_hal_uart.o(i.UART_Receive_IT)
    i.UART_SetConfig                         0x08003540   Section        0  stm32f1xx_hal_uart.o(i.UART_SetConfig)
    UART_SetConfig                           0x08003541   Thumb Code   178  stm32f1xx_hal_uart.o(i.UART_SetConfig)
    i.UART_Start_Receive_DMA                 0x080035f8   Section        0  stm32f1xx_hal_uart.o(i.UART_Start_Receive_DMA)
    i.USART1_IRQHandler                      0x0800368c   Section        0  stm32f1xx_it.o(i.USART1_IRQHandler)
    i.USART2_IRQHandler                      0x08003698   Section        0  stm32f1xx_it.o(i.USART2_IRQHandler)
    i.UsageFault_Handler                     0x080036a4   Section        0  stm32f1xx_it.o(i.UsageFault_Handler)
    i.Zigbee_ErrorHandler                    0x080036a6   Section        0  zigbee.o(i.Zigbee_ErrorHandler)
    i.Zigbee_Init                            0x080036d8   Section        0  zigbee.o(i.Zigbee_Init)
    i.Zigbee_RxEventHandler                  0x08003738   Section        0  zigbee.o(i.Zigbee_RxEventHandler)
    i.Zigbee_Send                            0x0800375c   Section        0  zigbee.o(i.Zigbee_Send)
    i._OLED_GetUTF8Len                       0x080037dc   Section        0  oled.o(i._OLED_GetUTF8Len)
    i.__NVIC_SetPriority                     0x0800380e   Section        0  stm32f1xx_hal_cortex.o(i.__NVIC_SetPriority)
    __NVIC_SetPriority                       0x0800380f   Thumb Code    32  stm32f1xx_hal_cortex.o(i.__NVIC_SetPriority)
    i.frame_parse                            0x0800382e   Section        0  zigbee.o(i.frame_parse)
    frame_parse                              0x0800382f   Thumb Code   170  zigbee.o(i.frame_parse)
    i.key_scan                               0x080038d8   Section        0  process.o(i.key_scan)
    key_scan                                 0x080038d9   Thumb Code    94  process.o(i.key_scan)
    i.main                                   0x0800393c   Section        0  main.o(i.main)
    x$fpl$fadd                               0x08003a3c   Section      196  faddsub_clz.o(x$fpl$fadd)
    _fadd1                                   0x08003a4b   Thumb Code     0  faddsub_clz.o(x$fpl$fadd)
    x$fpl$fcheck1                            0x08003b00   Section       12  fcheck1.o(x$fpl$fcheck1)
    x$fpl$fdiv                               0x08003b0c   Section      388  fdiv.o(x$fpl$fdiv)
    _fdiv1                                   0x08003b0d   Thumb Code     0  fdiv.o(x$fpl$fdiv)
    x$fpl$fflt                               0x08003c90   Section       48  fflt_clz.o(x$fpl$fflt)
    x$fpl$fmul                               0x08003cc0   Section      258  fmul.o(x$fpl$fmul)
    x$fpl$fnaninf                            0x08003dc2   Section      140  fnaninf.o(x$fpl$fnaninf)
    x$fpl$fretinf                            0x08003e4e   Section       10  fretinf.o(x$fpl$fretinf)
    x$fpl$fsub                               0x08003e58   Section      234  faddsub_clz.o(x$fpl$fsub)
    _fsub1                                   0x08003e67   Thumb Code     0  faddsub_clz.o(x$fpl$fsub)
    x$fpl$retnan                             0x08003f42   Section      100  retnan.o(x$fpl$retnan)
    x$fpl$scalbnf                            0x08003fa6   Section       76  scalbnf.o(x$fpl$scalbnf)
    x$fpl$trapveneer                         0x08003ff2   Section       48  trapv.o(x$fpl$trapveneer)
    .constdata                               0x08004022   Section       18  stm32f1xx_hal_rcc.o(.constdata)
    x$fpl$usenofp                            0x08004022   Section        0  usenofp.o(x$fpl$usenofp)
    aPredivFactorTable                       0x08004022   Data           2  stm32f1xx_hal_rcc.o(.constdata)
    aPLLMULFactorTable                       0x08004024   Data          16  stm32f1xx_hal_rcc.o(.constdata)
    .constdata                               0x08004034   Section       18  stm32f1xx_hal_rcc_ex.o(.constdata)
    aPredivFactorTable                       0x08004034   Data           2  stm32f1xx_hal_rcc_ex.o(.constdata)
    aPLLMULFactorTable                       0x08004036   Data          16  stm32f1xx_hal_rcc_ex.o(.constdata)
    .constdata                               0x08004046   Section       16  system_stm32f1xx.o(.constdata)
    .constdata                               0x08004056   Section        8  system_stm32f1xx.o(.constdata)
    .constdata                               0x0800405e   Section     1520  font.o(.constdata)
    .constdata                               0x08004650   Section        8  font.o(.constdata)
    .constdata                               0x08004658   Section      144  font.o(.constdata)
    .constdata                               0x080046e8   Section       16  font.o(.constdata)
    .data                                    0x20000000   Section        8  main.o(.data)
    last_process_tick                        0x20000004   Data           4  main.o(.data)
    .data                                    0x20000008   Section       12  stm32f1xx_hal.o(.data)
    .data                                    0x20000014   Section        4  system_stm32f1xx.o(.data)
    .data                                    0x20000018   Section        6  process.o(.data)
    adc_dma_buffer                           0x20000018   Data           6  process.o(.data)
    .data                                    0x2000001e   Section        4  oled.o(.data)
    temp                                     0x2000001e   Data           1  oled.o(.data)
    temp                                     0x2000001f   Data           1  oled.o(.data)
    sendBuffer                               0x20000020   Data           2  oled.o(.data)
    .bss                                     0x20000024   Section      316  main.o(.bss)
    g_zigbee                                 0x20000024   Data         260  main.o(.bss)
    g_handle_data                            0x20000128   Data          28  main.o(.bss)
    g_zigbee_data                            0x20000144   Data          28  main.o(.bss)
    .bss                                     0x20000160   Section      116  adc.o(.bss)
    .bss                                     0x200001d4   Section       84  i2c.o(.bss)
    .bss                                     0x20000228   Section       72  tim.o(.bss)
    .bss                                     0x20000270   Section      416  usart.o(.bss)
    .bss                                     0x20000410   Section       52  process.o(.bss)
    key_status                               0x20000410   Data          10  process.o(.bss)
    key_press_tick                           0x2000041c   Data          40  process.o(.bss)
    .bss                                     0x20000444   Section      344  test_zigbee.o(.bss)
    test_zigbee                              0x20000444   Data         260  test_zigbee.o(.bss)
    test_status                              0x20000580   Data          28  test_zigbee.o(.bss)
    .bss                                     0x2000059c   Section     1153  oled.o(.bss)
    sendBuffer                               0x2000059c   Data         129  oled.o(.bss)
    .bss                                     0x20000a20   Section       96  libspace.o(.bss)
    HEAP                                     0x20000a80   Section      512  startup_stm32f103xe.o(HEAP)
    Heap_Mem                                 0x20000a80   Data         512  startup_stm32f103xe.o(HEAP)
    STACK                                    0x20000c80   Section     1024  startup_stm32f103xe.o(STACK)
    Stack_Mem                                0x20000c80   Data        1024  startup_stm32f103xe.o(STACK)
    __initial_sp                             0x20001080   Data           0  startup_stm32f103xe.o(STACK)

    Global Symbols

    Symbol Name                              Value     Ov Type        Size  Object(Section)

    BuildAttributes$$THM_ISAv4$P$D$K$B$S$PE$A:L22UL41UL21$X:L11$S22US41US21$IEEE1$IW$USESV6$~STKCKD$USESV7$~SHL$OSPACE$ROPI$EBA8$UX$STANDARDLIB$REQ8$PRES8$EABIv2 0x00000000   Number         0  anon$$obj.o ABSOLUTE
    __ARM_use_no_argv                        0x00000000   Number         0  main.o ABSOLUTE
    __ARM_exceptions_init                     - Undefined Weak Reference
    __alloca_initialize                       - Undefined Weak Reference
    __arm_preinit_                            - Undefined Weak Reference
    __cpp_initialize__aeabi_                  - Undefined Weak Reference
    __cxa_finalize                            - Undefined Weak Reference
    __rt_locale                               - Undefined Weak Reference
    __sigvec_lookup                           - Undefined Weak Reference
    _atexit_init                              - Undefined Weak Reference
    _call_atexit_fns                          - Undefined Weak Reference
    _clock_init                               - Undefined Weak Reference
    _fp_trap_init                             - Undefined Weak Reference
    _fp_trap_shutdown                         - Undefined Weak Reference
    _get_lc_collate                           - Undefined Weak Reference
    _get_lc_ctype                             - Undefined Weak Reference
    _get_lc_monetary                          - Undefined Weak Reference
    _get_lc_numeric                           - Undefined Weak Reference
    _get_lc_time                              - Undefined Weak Reference
    _getenv_init                              - Undefined Weak Reference
    _handle_redirection                       - Undefined Weak Reference
    _init_alloc                               - Undefined Weak Reference
    _init_user_alloc                          - Undefined Weak Reference
    _initio                                   - Undefined Weak Reference
    _rand_init                                - Undefined Weak Reference
    _signal_finish                            - Undefined Weak Reference
    _signal_init                              - Undefined Weak Reference
    _terminate_alloc                          - Undefined Weak Reference
    _terminate_user_alloc                     - Undefined Weak Reference
    _terminateio                              - Undefined Weak Reference
    __Vectors_Size                           0x00000130   Number         0  startup_stm32f103xe.o ABSOLUTE
    __Vectors                                0x08000000   Data           4  startup_stm32f103xe.o(RESET)
    __Vectors_End                            0x08000130   Data           0  startup_stm32f103xe.o(RESET)
    __main                                   0x08000131   Thumb Code     8  __main.o(!!!main)
    __scatterload                            0x08000139   Thumb Code     0  __scatter.o(!!!scatter)
    __scatterload_rt2                        0x08000139   Thumb Code    44  __scatter.o(!!!scatter)
    __scatterload_rt2_thumb_only             0x08000139   Thumb Code     0  __scatter.o(!!!scatter)
    __scatterload_null                       0x08000147   Thumb Code     0  __scatter.o(!!!scatter)
    __scatterload_copy                       0x0800016d   Thumb Code    26  __scatter_copy.o(!!handler_copy)
    __scatterload_zeroinit                   0x08000189   Thumb Code    28  __scatter_zi.o(!!handler_zi)
    __rt_lib_init                            0x080001a5   Thumb Code     0  libinit.o(.ARM.Collect$$libinit$$00000000)
    __rt_lib_init_alloca_1                   0x080001a7   Thumb Code     0  libinit2.o(.ARM.Collect$$libinit$$0000002E)
    __rt_lib_init_argv_1                     0x080001a7   Thumb Code     0  libinit2.o(.ARM.Collect$$libinit$$0000002C)
    __rt_lib_init_atexit_1                   0x080001a7   Thumb Code     0  libinit2.o(.ARM.Collect$$libinit$$0000001B)
    __rt_lib_init_clock_1                    0x080001a7   Thumb Code     0  libinit2.o(.ARM.Collect$$libinit$$00000021)
    __rt_lib_init_cpp_1                      0x080001a7   Thumb Code     0  libinit2.o(.ARM.Collect$$libinit$$00000032)
    __rt_lib_init_exceptions_1               0x080001a7   Thumb Code     0  libinit2.o(.ARM.Collect$$libinit$$00000030)
    __rt_lib_init_fp_1                       0x080001a7   Thumb Code     0  libinit2.o(.ARM.Collect$$libinit$$00000002)
    __rt_lib_init_fp_trap_1                  0x080001a7   Thumb Code     0  libinit2.o(.ARM.Collect$$libinit$$0000001F)
    __rt_lib_init_getenv_1                   0x080001a7   Thumb Code     0  libinit2.o(.ARM.Collect$$libinit$$00000023)
    __rt_lib_init_heap_1                     0x080001a7   Thumb Code     0  libinit2.o(.ARM.Collect$$libinit$$0000000A)
    __rt_lib_init_lc_collate_1               0x080001a7   Thumb Code     0  libinit2.o(.ARM.Collect$$libinit$$00000011)
    __rt_lib_init_lc_ctype_1                 0x080001a7   Thumb Code     0  libinit2.o(.ARM.Collect$$libinit$$00000013)
    __rt_lib_init_lc_monetary_1              0x080001a7   Thumb Code     0  libinit2.o(.ARM.Collect$$libinit$$00000015)
    __rt_lib_init_lc_numeric_1               0x080001a7   Thumb Code     0  libinit2.o(.ARM.Collect$$libinit$$00000017)
    __rt_lib_init_lc_time_1                  0x080001a7   Thumb Code     0  libinit2.o(.ARM.Collect$$libinit$$00000019)
    __rt_lib_init_preinit_1                  0x080001a7   Thumb Code     0  libinit2.o(.ARM.Collect$$libinit$$00000004)
    __rt_lib_init_rand_1                     0x080001a7   Thumb Code     0  libinit2.o(.ARM.Collect$$libinit$$0000000E)
    __rt_lib_init_return                     0x080001a7   Thumb Code     0  libinit2.o(.ARM.Collect$$libinit$$00000033)
    __rt_lib_init_signal_1                   0x080001a7   Thumb Code     0  libinit2.o(.ARM.Collect$$libinit$$0000001D)
    __rt_lib_init_stdio_1                    0x080001a7   Thumb Code     0  libinit2.o(.ARM.Collect$$libinit$$00000025)
    __rt_lib_init_user_alloc_1               0x080001a7   Thumb Code     0  libinit2.o(.ARM.Collect$$libinit$$0000000C)
    __rt_lib_shutdown                        0x080001a9   Thumb Code     0  libshutdown.o(.ARM.Collect$$libshutdown$$00000000)
    __rt_lib_shutdown_cpp_1                  0x080001ab   Thumb Code     0  libshutdown2.o(.ARM.Collect$$libshutdown$$00000002)
    __rt_lib_shutdown_fp_trap_1              0x080001ab   Thumb Code     0  libshutdown2.o(.ARM.Collect$$libshutdown$$00000007)
    __rt_lib_shutdown_heap_1                 0x080001ab   Thumb Code     0  libshutdown2.o(.ARM.Collect$$libshutdown$$0000000F)
    __rt_lib_shutdown_return                 0x080001ab   Thumb Code     0  libshutdown2.o(.ARM.Collect$$libshutdown$$00000010)
    __rt_lib_shutdown_signal_1               0x080001ab   Thumb Code     0  libshutdown2.o(.ARM.Collect$$libshutdown$$0000000A)
    __rt_lib_shutdown_stdio_1                0x080001ab   Thumb Code     0  libshutdown2.o(.ARM.Collect$$libshutdown$$00000004)
    __rt_lib_shutdown_user_alloc_1           0x080001ab   Thumb Code     0  libshutdown2.o(.ARM.Collect$$libshutdown$$0000000C)
    __rt_entry                               0x080001ad   Thumb Code     0  __rtentry.o(.ARM.Collect$$rtentry$$00000000)
    __rt_entry_presh_1                       0x080001ad   Thumb Code     0  __rtentry2.o(.ARM.Collect$$rtentry$$00000002)
    __rt_entry_sh                            0x080001ad   Thumb Code     0  __rtentry4.o(.ARM.Collect$$rtentry$$00000004)
    __rt_entry_li                            0x080001b3   Thumb Code     0  __rtentry2.o(.ARM.Collect$$rtentry$$0000000A)
    __rt_entry_postsh_1                      0x080001b3   Thumb Code     0  __rtentry2.o(.ARM.Collect$$rtentry$$00000009)
    __rt_entry_main                          0x080001b7   Thumb Code     0  __rtentry2.o(.ARM.Collect$$rtentry$$0000000D)
    __rt_entry_postli_1                      0x080001b7   Thumb Code     0  __rtentry2.o(.ARM.Collect$$rtentry$$0000000C)
    __rt_exit                                0x080001bf   Thumb Code     0  rtexit.o(.ARM.Collect$$rtexit$$00000000)
    __rt_exit_ls                             0x080001c1   Thumb Code     0  rtexit2.o(.ARM.Collect$$rtexit$$00000003)
    __rt_exit_prels_1                        0x080001c1   Thumb Code     0  rtexit2.o(.ARM.Collect$$rtexit$$00000002)
    __rt_exit_exit                           0x080001c5   Thumb Code     0  rtexit2.o(.ARM.Collect$$rtexit$$00000004)
    Reset_Handler                            0x080001cd   Thumb Code     8  startup_stm32f103xe.o(.text)
    ADC3_IRQHandler                          0x080001e7   Thumb Code     0  startup_stm32f103xe.o(.text)
    CAN1_RX1_IRQHandler                      0x080001e7   Thumb Code     0  startup_stm32f103xe.o(.text)
    CAN1_SCE_IRQHandler                      0x080001e7   Thumb Code     0  startup_stm32f103xe.o(.text)
    DMA1_Channel2_IRQHandler                 0x080001e7   Thumb Code     0  startup_stm32f103xe.o(.text)
    DMA1_Channel3_IRQHandler                 0x080001e7   Thumb Code     0  startup_stm32f103xe.o(.text)
    DMA2_Channel1_IRQHandler                 0x080001e7   Thumb Code     0  startup_stm32f103xe.o(.text)
    DMA2_Channel2_IRQHandler                 0x080001e7   Thumb Code     0  startup_stm32f103xe.o(.text)
    DMA2_Channel3_IRQHandler                 0x080001e7   Thumb Code     0  startup_stm32f103xe.o(.text)
    DMA2_Channel4_5_IRQHandler               0x080001e7   Thumb Code     0  startup_stm32f103xe.o(.text)
    EXTI0_IRQHandler                         0x080001e7   Thumb Code     0  startup_stm32f103xe.o(.text)
    EXTI15_10_IRQHandler                     0x080001e7   Thumb Code     0  startup_stm32f103xe.o(.text)
    EXTI1_IRQHandler                         0x080001e7   Thumb Code     0  startup_stm32f103xe.o(.text)
    EXTI2_IRQHandler                         0x080001e7   Thumb Code     0  startup_stm32f103xe.o(.text)
    EXTI3_IRQHandler                         0x080001e7   Thumb Code     0  startup_stm32f103xe.o(.text)
    EXTI4_IRQHandler                         0x080001e7   Thumb Code     0  startup_stm32f103xe.o(.text)
    EXTI9_5_IRQHandler                       0x080001e7   Thumb Code     0  startup_stm32f103xe.o(.text)
    FLASH_IRQHandler                         0x080001e7   Thumb Code     0  startup_stm32f103xe.o(.text)
    FSMC_IRQHandler                          0x080001e7   Thumb Code     0  startup_stm32f103xe.o(.text)
    I2C1_ER_IRQHandler                       0x080001e7   Thumb Code     0  startup_stm32f103xe.o(.text)
    I2C1_EV_IRQHandler                       0x080001e7   Thumb Code     0  startup_stm32f103xe.o(.text)
    I2C2_ER_IRQHandler                       0x080001e7   Thumb Code     0  startup_stm32f103xe.o(.text)
    I2C2_EV_IRQHandler                       0x080001e7   Thumb Code     0  startup_stm32f103xe.o(.text)
    PVD_IRQHandler                           0x080001e7   Thumb Code     0  startup_stm32f103xe.o(.text)
    RCC_IRQHandler                           0x080001e7   Thumb Code     0  startup_stm32f103xe.o(.text)
    RTC_Alarm_IRQHandler                     0x080001e7   Thumb Code     0  startup_stm32f103xe.o(.text)
    RTC_IRQHandler                           0x080001e7   Thumb Code     0  startup_stm32f103xe.o(.text)
    SDIO_IRQHandler                          0x080001e7   Thumb Code     0  startup_stm32f103xe.o(.text)
    SPI1_IRQHandler                          0x080001e7   Thumb Code     0  startup_stm32f103xe.o(.text)
    SPI2_IRQHandler                          0x080001e7   Thumb Code     0  startup_stm32f103xe.o(.text)
    SPI3_IRQHandler                          0x080001e7   Thumb Code     0  startup_stm32f103xe.o(.text)
    TAMPER_IRQHandler                        0x080001e7   Thumb Code     0  startup_stm32f103xe.o(.text)
    TIM1_BRK_IRQHandler                      0x080001e7   Thumb Code     0  startup_stm32f103xe.o(.text)
    TIM1_CC_IRQHandler                       0x080001e7   Thumb Code     0  startup_stm32f103xe.o(.text)
    TIM1_TRG_COM_IRQHandler                  0x080001e7   Thumb Code     0  startup_stm32f103xe.o(.text)
    TIM2_IRQHandler                          0x080001e7   Thumb Code     0  startup_stm32f103xe.o(.text)
    TIM3_IRQHandler                          0x080001e7   Thumb Code     0  startup_stm32f103xe.o(.text)
    TIM4_IRQHandler                          0x080001e7   Thumb Code     0  startup_stm32f103xe.o(.text)
    TIM5_IRQHandler                          0x080001e7   Thumb Code     0  startup_stm32f103xe.o(.text)
    TIM6_IRQHandler                          0x080001e7   Thumb Code     0  startup_stm32f103xe.o(.text)
    TIM7_IRQHandler                          0x080001e7   Thumb Code     0  startup_stm32f103xe.o(.text)
    TIM8_BRK_IRQHandler                      0x080001e7   Thumb Code     0  startup_stm32f103xe.o(.text)
    TIM8_CC_IRQHandler                       0x080001e7   Thumb Code     0  startup_stm32f103xe.o(.text)
    TIM8_TRG_COM_IRQHandler                  0x080001e7   Thumb Code     0  startup_stm32f103xe.o(.text)
    TIM8_UP_IRQHandler                       0x080001e7   Thumb Code     0  startup_stm32f103xe.o(.text)
    UART4_IRQHandler                         0x080001e7   Thumb Code     0  startup_stm32f103xe.o(.text)
    UART5_IRQHandler                         0x080001e7   Thumb Code     0  startup_stm32f103xe.o(.text)
    USART3_IRQHandler                        0x080001e7   Thumb Code     0  startup_stm32f103xe.o(.text)
    USBWakeUp_IRQHandler                     0x080001e7   Thumb Code     0  startup_stm32f103xe.o(.text)
    USB_HP_CAN1_TX_IRQHandler                0x080001e7   Thumb Code     0  startup_stm32f103xe.o(.text)
    USB_LP_CAN1_RX0_IRQHandler               0x080001e7   Thumb Code     0  startup_stm32f103xe.o(.text)
    WWDG_IRQHandler                          0x080001e7   Thumb Code     0  startup_stm32f103xe.o(.text)
    __user_initial_stackheap                 0x080001e9   Thumb Code     0  startup_stm32f103xe.o(.text)
    memcmp                                   0x0800020d   Thumb Code    88  memcmp.o(.text)
    __aeabi_memcpy                           0x08000265   Thumb Code     0  rt_memcpy_v6.o(.text)
    __rt_memcpy                              0x08000265   Thumb Code   138  rt_memcpy_v6.o(.text)
    _memcpy_lastbytes                        0x080002cb   Thumb Code     0  rt_memcpy_v6.o(.text)
    __aeabi_memcpy4                          0x080002ef   Thumb Code     0  rt_memcpy_w.o(.text)
    __aeabi_memcpy8                          0x080002ef   Thumb Code     0  rt_memcpy_w.o(.text)
    __rt_memcpy_w                            0x080002ef   Thumb Code   100  rt_memcpy_w.o(.text)
    _memcpy_lastbytes_aligned                0x08000337   Thumb Code     0  rt_memcpy_w.o(.text)
    __aeabi_memclr                           0x08000353   Thumb Code     0  rt_memclr.o(.text)
    __rt_memclr                              0x08000353   Thumb Code    68  rt_memclr.o(.text)
    _memset                                  0x08000357   Thumb Code     0  rt_memclr.o(.text)
    __aeabi_memclr4                          0x08000397   Thumb Code     0  rt_memclr_w.o(.text)
    __aeabi_memclr8                          0x08000397   Thumb Code     0  rt_memclr_w.o(.text)
    __rt_memclr_w                            0x08000397   Thumb Code    78  rt_memclr_w.o(.text)
    _memset_w                                0x0800039b   Thumb Code     0  rt_memclr_w.o(.text)
    __use_two_region_memory                  0x080003e5   Thumb Code     2  heapauxi.o(.text)
    __rt_heap_escrow$2region                 0x080003e7   Thumb Code     2  heapauxi.o(.text)
    __rt_heap_expand$2region                 0x080003e9   Thumb Code     2  heapauxi.o(.text)
    __user_setup_stackheap                   0x080003eb   Thumb Code    74  sys_stackheap_outer.o(.text)
    exit                                     0x08000435   Thumb Code    18  exit.o(.text)
    __user_libspace                          0x08000449   Thumb Code     8  libspace.o(.text)
    __user_perproc_libspace                  0x08000449   Thumb Code     0  libspace.o(.text)
    __user_perthread_libspace                0x08000449   Thumb Code     0  libspace.o(.text)
    _sys_exit                                0x08000451   Thumb Code     8  sys_exit.o(.text)
    __I$use$semihosting                      0x0800045d   Thumb Code     0  use_no_semi.o(.text)
    __use_no_semihosting_swi                 0x0800045d   Thumb Code     2  use_no_semi.o(.text)
    __semihosting_library_function           0x0800045f   Thumb Code     0  indicate_semi.o(.text)
    ADC1_2_IRQHandler                        0x08000461   Thumb Code     6  stm32f1xx_it.o(i.ADC1_2_IRQHandler)
    ADC_ConversionStop_Disable               0x0800046d   Thumb Code    84  stm32f1xx_hal_adc.o(i.ADC_ConversionStop_Disable)
    ADC_DMAConvCplt                          0x080004c1   Thumb Code    78  stm32f1xx_hal_adc.o(i.ADC_DMAConvCplt)
    ADC_DMAError                             0x0800050f   Thumb Code    26  stm32f1xx_hal_adc.o(i.ADC_DMAError)
    ADC_DMAHalfConvCplt                      0x08000529   Thumb Code    10  stm32f1xx_hal_adc.o(i.ADC_DMAHalfConvCplt)
    ADC_Enable                               0x08000535   Thumb Code   112  stm32f1xx_hal_adc.o(i.ADC_Enable)
    BusFault_Handler                         0x080005f5   Thumb Code     2  stm32f1xx_it.o(i.BusFault_Handler)
    DMA1_Channel1_IRQHandler                 0x080005f9   Thumb Code     6  stm32f1xx_it.o(i.DMA1_Channel1_IRQHandler)
    DMA1_Channel4_IRQHandler                 0x08000605   Thumb Code     6  stm32f1xx_it.o(i.DMA1_Channel4_IRQHandler)
    DMA1_Channel5_IRQHandler                 0x08000611   Thumb Code     6  stm32f1xx_it.o(i.DMA1_Channel5_IRQHandler)
    DMA1_Channel6_IRQHandler                 0x0800061d   Thumb Code     6  stm32f1xx_it.o(i.DMA1_Channel6_IRQHandler)
    DMA1_Channel7_IRQHandler                 0x08000629   Thumb Code     6  stm32f1xx_it.o(i.DMA1_Channel7_IRQHandler)
    DebugMon_Handler                         0x0800065f   Thumb Code     2  stm32f1xx_it.o(i.DebugMon_Handler)
    Error_Handler                            0x08000661   Thumb Code     4  main.o(i.Error_Handler)
    HAL_ADCEx_Calibration_Start              0x08000665   Thumb Code   210  stm32f1xx_hal_adc_ex.o(i.HAL_ADCEx_Calibration_Start)
    HAL_ADCEx_InjectedConvCpltCallback       0x0800073d   Thumb Code     2  stm32f1xx_hal_adc_ex.o(i.HAL_ADCEx_InjectedConvCpltCallback)
    HAL_ADC_ConfigChannel                    0x08000741   Thumb Code   240  stm32f1xx_hal_adc.o(i.HAL_ADC_ConfigChannel)
    HAL_ADC_ConvCpltCallback                 0x0800083d   Thumb Code     2  stm32f1xx_hal_adc.o(i.HAL_ADC_ConvCpltCallback)
    HAL_ADC_ConvHalfCpltCallback             0x0800083f   Thumb Code     2  stm32f1xx_hal_adc.o(i.HAL_ADC_ConvHalfCpltCallback)
    HAL_ADC_ErrorCallback                    0x08000841   Thumb Code     2  stm32f1xx_hal_adc.o(i.HAL_ADC_ErrorCallback)
    HAL_ADC_IRQHandler                       0x08000843   Thumb Code   220  stm32f1xx_hal_adc.o(i.HAL_ADC_IRQHandler)
    HAL_ADC_Init                             0x08000921   Thumb Code   272  stm32f1xx_hal_adc.o(i.HAL_ADC_Init)
    HAL_ADC_LevelOutOfWindowCallback         0x08000a41   Thumb Code     2  stm32f1xx_hal_adc.o(i.HAL_ADC_LevelOutOfWindowCallback)
    HAL_ADC_MspInit                          0x08000a45   Thumb Code   168  adc.o(i.HAL_ADC_MspInit)
    HAL_ADC_Start_DMA                        0x08000b05   Thumb Code   246  stm32f1xx_hal_adc.o(i.HAL_ADC_Start_DMA)
    HAL_DMA_Abort                            0x08000c11   Thumb Code    70  stm32f1xx_hal_dma.o(i.HAL_DMA_Abort)
    HAL_DMA_Abort_IT                         0x08000c59   Thumb Code   296  stm32f1xx_hal_dma.o(i.HAL_DMA_Abort_IT)
    HAL_DMA_IRQHandler                       0x08000d89   Thumb Code   552  stm32f1xx_hal_dma.o(i.HAL_DMA_IRQHandler)
    HAL_DMA_Init                             0x08000fd1   Thumb Code   112  stm32f1xx_hal_dma.o(i.HAL_DMA_Init)
    HAL_DMA_Start_IT                         0x0800104d   Thumb Code   112  stm32f1xx_hal_dma.o(i.HAL_DMA_Start_IT)
    HAL_GPIO_Init                            0x080010bd   Thumb Code   454  stm32f1xx_hal_gpio.o(i.HAL_GPIO_Init)
    HAL_GPIO_ReadPin                         0x080012ad   Thumb Code    10  stm32f1xx_hal_gpio.o(i.HAL_GPIO_ReadPin)
    HAL_GetTick                              0x080012b9   Thumb Code     6  stm32f1xx_hal.o(i.HAL_GetTick)
    HAL_I2C_Init                             0x080012c5   Thumb Code   376  stm32f1xx_hal_i2c.o(i.HAL_I2C_Init)
    HAL_I2C_Master_Transmit                  0x0800144d   Thumb Code   290  stm32f1xx_hal_i2c.o(i.HAL_I2C_Master_Transmit)
    HAL_I2C_MspInit                          0x08001579   Thumb Code    96  i2c.o(i.HAL_I2C_MspInit)
    HAL_IncTick                              0x080015e9   Thumb Code    12  stm32f1xx_hal.o(i.HAL_IncTick)
    HAL_Init                                 0x080015f9   Thumb Code    32  stm32f1xx_hal.o(i.HAL_Init)
    HAL_InitTick                             0x0800161d   Thumb Code    54  stm32f1xx_hal.o(i.HAL_InitTick)
    HAL_MspInit                              0x0800165d   Thumb Code    52  stm32f1xx_hal_msp.o(i.HAL_MspInit)
    HAL_NVIC_EnableIRQ                       0x08001699   Thumb Code    26  stm32f1xx_hal_cortex.o(i.HAL_NVIC_EnableIRQ)
    HAL_NVIC_SetPriority                     0x080016b5   Thumb Code    60  stm32f1xx_hal_cortex.o(i.HAL_NVIC_SetPriority)
    HAL_NVIC_SetPriorityGrouping             0x080016f5   Thumb Code    26  stm32f1xx_hal_cortex.o(i.HAL_NVIC_SetPriorityGrouping)
    HAL_RCCEx_GetPeriphCLKFreq               0x08001719   Thumb Code   166  stm32f1xx_hal_rcc_ex.o(i.HAL_RCCEx_GetPeriphCLKFreq)
    HAL_RCCEx_PeriphCLKConfig                0x080017d1   Thumb Code   220  stm32f1xx_hal_rcc_ex.o(i.HAL_RCCEx_PeriphCLKConfig)
    HAL_RCC_ClockConfig                      0x080018b9   Thumb Code   292  stm32f1xx_hal_rcc.o(i.HAL_RCC_ClockConfig)
    HAL_RCC_GetPCLK1Freq                     0x080019f1   Thumb Code    20  stm32f1xx_hal_rcc.o(i.HAL_RCC_GetPCLK1Freq)
    HAL_RCC_GetPCLK2Freq                     0x08001a11   Thumb Code    20  stm32f1xx_hal_rcc.o(i.HAL_RCC_GetPCLK2Freq)
    HAL_RCC_GetSysClockFreq                  0x08001a31   Thumb Code    58  stm32f1xx_hal_rcc.o(i.HAL_RCC_GetSysClockFreq)
    HAL_RCC_OscConfig                        0x08001a7d   Thumb Code   770  stm32f1xx_hal_rcc.o(i.HAL_RCC_OscConfig)
    HAL_SYSTICK_Config                       0x08001d95   Thumb Code    40  stm32f1xx_hal_cortex.o(i.HAL_SYSTICK_Config)
    HAL_TIMEx_BreakCallback                  0x08001dbd   Thumb Code     2  stm32f1xx_hal_tim_ex.o(i.HAL_TIMEx_BreakCallback)
    HAL_TIMEx_CommutCallback                 0x08001dbf   Thumb Code     2  stm32f1xx_hal_tim_ex.o(i.HAL_TIMEx_CommutCallback)
    HAL_TIMEx_MasterConfigSynchronization    0x08001dc1   Thumb Code   104  stm32f1xx_hal_tim_ex.o(i.HAL_TIMEx_MasterConfigSynchronization)
    HAL_TIM_Base_Init                        0x08001e3d   Thumb Code    90  stm32f1xx_hal_tim.o(i.HAL_TIM_Base_Init)
    HAL_TIM_Base_MspInit                     0x08001e99   Thumb Code    50  tim.o(i.HAL_TIM_Base_MspInit)
    HAL_TIM_ConfigClockSource                0x08001ed5   Thumb Code   220  stm32f1xx_hal_tim.o(i.HAL_TIM_ConfigClockSource)
    HAL_TIM_IC_CaptureCallback               0x08001fb1   Thumb Code     2  stm32f1xx_hal_tim.o(i.HAL_TIM_IC_CaptureCallback)
    HAL_TIM_IRQHandler                       0x08001fb3   Thumb Code   304  stm32f1xx_hal_tim.o(i.HAL_TIM_IRQHandler)
    HAL_TIM_OC_DelayElapsedCallback          0x080020e3   Thumb Code     2  stm32f1xx_hal_tim.o(i.HAL_TIM_OC_DelayElapsedCallback)
    HAL_TIM_PWM_PulseFinishedCallback        0x080020e5   Thumb Code     2  stm32f1xx_hal_tim.o(i.HAL_TIM_PWM_PulseFinishedCallback)
    HAL_TIM_PeriodElapsedCallback            0x080020e7   Thumb Code     2  stm32f1xx_hal_tim.o(i.HAL_TIM_PeriodElapsedCallback)
    HAL_TIM_TriggerCallback                  0x080020e9   Thumb Code     2  stm32f1xx_hal_tim.o(i.HAL_TIM_TriggerCallback)
    HAL_UARTEx_ReceiveToIdle_DMA             0x080020eb   Thumb Code    82  stm32f1xx_hal_uart.o(i.HAL_UARTEx_ReceiveToIdle_DMA)
    HAL_UARTEx_RxEventCallback               0x0800213d   Thumb Code    18  test_zigbee.o(i.HAL_UARTEx_RxEventCallback)
    HAL_UART_ErrorCallback                   0x08002159   Thumb Code     2  stm32f1xx_hal_uart.o(i.HAL_UART_ErrorCallback)
    HAL_UART_IRQHandler                      0x0800215d   Thumb Code   616  stm32f1xx_hal_uart.o(i.HAL_UART_IRQHandler)
    HAL_UART_Init                            0x080023c9   Thumb Code   100  stm32f1xx_hal_uart.o(i.HAL_UART_Init)
    HAL_UART_MspInit                         0x0800242d   Thumb Code   404  usart.o(i.HAL_UART_MspInit)
    HAL_UART_RxCpltCallback                  0x080025e1   Thumb Code     2  stm32f1xx_hal_uart.o(i.HAL_UART_RxCpltCallback)
    HAL_UART_RxHalfCpltCallback              0x080025e3   Thumb Code     2  stm32f1xx_hal_uart.o(i.HAL_UART_RxHalfCpltCallback)
    HAL_UART_Transmit_DMA                    0x080025e5   Thumb Code   110  stm32f1xx_hal_uart.o(i.HAL_UART_Transmit_DMA)
    HAL_UART_TxCpltCallback                  0x08002661   Thumb Code     2  stm32f1xx_hal_uart.o(i.HAL_UART_TxCpltCallback)
    HAL_UART_TxHalfCpltCallback              0x08002663   Thumb Code     2  stm32f1xx_hal_uart.o(i.HAL_UART_TxHalfCpltCallback)
    HandleOrderProcess                       0x08002665   Thumb Code   324  process.o(i.HandleOrderProcess)
    Handle_Init                              0x080027e1   Thumb Code    48  process.o(i.Handle_Init)
    HardFault_Handler                        0x0800281d   Thumb Code     2  stm32f1xx_it.o(i.HardFault_Handler)
    MX_ADC1_Init                             0x08002ad9   Thumb Code   112  adc.o(i.MX_ADC1_Init)
    MX_DMA_Init                              0x08002b51   Thumb Code   104  dma.o(i.MX_DMA_Init)
    MX_GPIO_Init                             0x08002bbd   Thumb Code   162  gpio.o(i.MX_GPIO_Init)
    MX_I2C1_Init                             0x08002c71   Thumb Code    50  i2c.o(i.MX_I2C1_Init)
    MX_TIM1_Init                             0x08002cb1   Thumb Code    96  tim.o(i.MX_TIM1_Init)
    MX_USART1_UART_Init                      0x08002d19   Thumb Code    48  usart.o(i.MX_USART1_UART_Init)
    MX_USART2_UART_Init                      0x08002d51   Thumb Code    48  usart.o(i.MX_USART2_UART_Init)
    MemManage_Handler                        0x08002d89   Thumb Code     2  stm32f1xx_it.o(i.MemManage_Handler)
    NMI_Handler                              0x08002d8b   Thumb Code     2  stm32f1xx_it.o(i.NMI_Handler)
    OLED_Init                                0x08002d8d   Thumb Code   182  oled.o(i.OLED_Init)
    OLED_NewFrame                            0x08002e45   Thumb Code    10  oled.o(i.OLED_NewFrame)
    OLED_PrintASCIIChar                      0x08002e55   Thumb Code    32  oled.o(i.OLED_PrintASCIIChar)
    OLED_PrintString                         0x08002e75   Thumb Code   198  oled.o(i.OLED_PrintString)
    OLED_Send                                0x08002f3d   Thumb Code    22  oled.o(i.OLED_Send)
    OLED_SendCmd                             0x08002f59   Thumb Code    12  oled.o(i.OLED_SendCmd)
    OLED_SetBits                             0x08002f69   Thumb Code    72  oled.o(i.OLED_SetBits)
    OLED_SetBits_Fine                        0x08002fb1   Thumb Code   104  oled.o(i.OLED_SetBits_Fine)
    OLED_SetBlock                            0x08003019   Thumb Code   138  oled.o(i.OLED_SetBlock)
    OLED_SetByte_Fine                        0x080030a5   Thumb Code    64  oled.o(i.OLED_SetByte_Fine)
    OLED_ShowFrame                           0x080030ed   Thumb Code    66  oled.o(i.OLED_ShowFrame)
    PendSV_Handler                           0x08003135   Thumb Code     2  stm32f1xx_it.o(i.PendSV_Handler)
    SVC_Handler                              0x08003137   Thumb Code     2  stm32f1xx_it.o(i.SVC_Handler)
    SysTick_Handler                          0x08003139   Thumb Code     4  stm32f1xx_it.o(i.SysTick_Handler)
    SystemClock_Config                       0x0800313d   Thumb Code   122  main.o(i.SystemClock_Config)
    SystemInit                               0x080031b7   Thumb Code     2  system_stm32f1xx.o(i.SystemInit)
    TIM1_UP_IRQHandler                       0x080031b9   Thumb Code     6  stm32f1xx_it.o(i.TIM1_UP_IRQHandler)
    TIM_Base_SetConfig                       0x080031c5   Thumb Code   134  stm32f1xx_hal_tim.o(i.TIM_Base_SetConfig)
    TIM_ETR_SetConfig                        0x08003261   Thumb Code    20  stm32f1xx_hal_tim.o(i.TIM_ETR_SetConfig)
    UART_Start_Receive_DMA                   0x080035f9   Thumb Code   134  stm32f1xx_hal_uart.o(i.UART_Start_Receive_DMA)
    USART1_IRQHandler                        0x0800368d   Thumb Code     6  stm32f1xx_it.o(i.USART1_IRQHandler)
    USART2_IRQHandler                        0x08003699   Thumb Code     6  stm32f1xx_it.o(i.USART2_IRQHandler)
    UsageFault_Handler                       0x080036a5   Thumb Code     2  stm32f1xx_it.o(i.UsageFault_Handler)
    Zigbee_ErrorHandler                      0x080036a7   Thumb Code    48  zigbee.o(i.Zigbee_ErrorHandler)
    Zigbee_Init                              0x080036d9   Thumb Code    90  zigbee.o(i.Zigbee_Init)
    Zigbee_RxEventHandler                    0x08003739   Thumb Code    36  zigbee.o(i.Zigbee_RxEventHandler)
    Zigbee_Send                              0x0800375d   Thumb Code   122  zigbee.o(i.Zigbee_Send)
    _OLED_GetUTF8Len                         0x080037dd   Thumb Code    50  oled.o(i._OLED_GetUTF8Len)
    main                                     0x0800393d   Thumb Code   190  main.o(i.main)
    __aeabi_fadd                             0x08003a3d   Thumb Code     0  faddsub_clz.o(x$fpl$fadd)
    _fadd                                    0x08003a3d   Thumb Code   196  faddsub_clz.o(x$fpl$fadd)
    __fpl_fcheck_NaN1                        0x08003b01   Thumb Code     6  fcheck1.o(x$fpl$fcheck1)
    __aeabi_fdiv                             0x08003b0d   Thumb Code     0  fdiv.o(x$fpl$fdiv)
    _fdiv                                    0x08003b0d   Thumb Code   384  fdiv.o(x$fpl$fdiv)
    __aeabi_i2f                              0x08003c91   Thumb Code     0  fflt_clz.o(x$fpl$fflt)
    _fflt                                    0x08003c91   Thumb Code    48  fflt_clz.o(x$fpl$fflt)
    __aeabi_fmul                             0x08003cc1   Thumb Code     0  fmul.o(x$fpl$fmul)
    _fmul                                    0x08003cc1   Thumb Code   258  fmul.o(x$fpl$fmul)
    __fpl_fnaninf                            0x08003dc3   Thumb Code   140  fnaninf.o(x$fpl$fnaninf)
    __fpl_fretinf                            0x08003e4f   Thumb Code    10  fretinf.o(x$fpl$fretinf)
    __aeabi_fsub                             0x08003e59   Thumb Code     0  faddsub_clz.o(x$fpl$fsub)
    _fsub                                    0x08003e59   Thumb Code   234  faddsub_clz.o(x$fpl$fsub)
    __fpl_return_NaN                         0x08003f43   Thumb Code   100  retnan.o(x$fpl$retnan)
    __ARM_scalbnf                            0x08003fa7   Thumb Code    76  scalbnf.o(x$fpl$scalbnf)
    __fpl_cmpreturn                          0x08003ff3   Thumb Code    48  trapv.o(x$fpl$trapveneer)
    __I$use$fp                               0x08004022   Number         0  usenofp.o(x$fpl$usenofp)
    AHBPrescTable                            0x08004046   Data          16  system_stm32f1xx.o(.constdata)
    APBPrescTable                            0x08004056   Data           8  system_stm32f1xx.o(.constdata)
    ascii_16x8                               0x0800405e   Data        1520  font.o(.constdata)
    afont16x8                                0x08004650   Data           8  font.o(.constdata)
    zh16x16                                  0x08004658   Data         144  font.o(.constdata)
    font16x16                                0x080046e8   Data          16  font.o(.constdata)
    Region$$Table$$Base                      0x080046f8   Number         0  anon$$obj.o(Region$$Table)
    Region$$Table$$Limit                     0x08004718   Number         0  anon$$obj.o(Region$$Table)
    tx_status                                0x20000000   Data           1  main.o(.data)
    uwTickFreq                               0x20000008   Data           1  stm32f1xx_hal.o(.data)
    uwTickPrio                               0x2000000c   Data           4  stm32f1xx_hal.o(.data)
    uwTick                                   0x20000010   Data           4  stm32f1xx_hal.o(.data)
    SystemCoreClock                          0x20000014   Data           4  system_stm32f1xx.o(.data)
    hadc1                                    0x20000160   Data          48  adc.o(.bss)
    hdma_adc1                                0x20000190   Data          68  adc.o(.bss)
    hi2c1                                    0x200001d4   Data          84  i2c.o(.bss)
    htim1                                    0x20000228   Data          72  tim.o(.bss)
    huart1                                   0x20000270   Data          72  usart.o(.bss)
    huart2                                   0x200002b8   Data          72  usart.o(.bss)
    hdma_usart1_rx                           0x20000300   Data          68  usart.o(.bss)
    hdma_usart1_tx                           0x20000344   Data          68  usart.o(.bss)
    hdma_usart2_rx                           0x20000388   Data          68  usart.o(.bss)
    hdma_usart2_tx                           0x200003cc   Data          68  usart.o(.bss)
    test_tx_data                             0x20000548   Data          28  test_zigbee.o(.bss)
    test_rx_data                             0x20000564   Data          28  test_zigbee.o(.bss)
    OLED_GRAM                                0x2000061d   Data        1024  oled.o(.bss)
    __libspace_start                         0x20000a20   Data          96  libspace.o(.bss)
    __temporary_stack_top$libspace           0x20000a80   Data           0  libspace.o(.bss)



==============================================================================

Memory Map of the image

  Image Entry point : 0x08000131

  Load Region LR_IROM1 (Base: 0x08000000, Size: 0x0000473c, Max: 0x00080000, ABSOLUTE)

    Execution Region ER_IROM1 (Exec base: 0x08000000, Load base: 0x08000000, Size: 0x00004718, Max: 0x00080000, ABSOLUTE)

    Exec Addr    Load Addr    Size         Type   Attr      Idx    E Section Name        Object

    0x08000000   0x08000000   0x00000130   Data   RO            3    RESET               startup_stm32f103xe.o
    0x08000130   0x08000130   0x00000008   Code   RO         4074  * !!!main             c_w.l(__main.o)
    0x08000138   0x08000138   0x00000034   Code   RO         4288    !!!scatter          c_w.l(__scatter.o)
    0x0800016c   0x0800016c   0x0000001a   Code   RO         4290    !!handler_copy      c_w.l(__scatter_copy.o)
    0x08000186   0x08000186   0x00000002   PAD
    0x08000188   0x08000188   0x0000001c   Code   RO         4292    !!handler_zi        c_w.l(__scatter_zi.o)
    0x080001a4   0x080001a4   0x00000002   Code   RO         4156    .ARM.Collect$$libinit$$00000000  c_w.l(libinit.o)
    0x080001a6   0x080001a6   0x00000000   Code   RO         4165    .ARM.Collect$$libinit$$00000002  c_w.l(libinit2.o)
    0x080001a6   0x080001a6   0x00000000   Code   RO         4167    .ARM.Collect$$libinit$$00000004  c_w.l(libinit2.o)
    0x080001a6   0x080001a6   0x00000000   Code   RO         4170    .ARM.Collect$$libinit$$0000000A  c_w.l(libinit2.o)
    0x080001a6   0x080001a6   0x00000000   Code   RO         4172    .ARM.Collect$$libinit$$0000000C  c_w.l(libinit2.o)
    0x080001a6   0x080001a6   0x00000000   Code   RO         4174    .ARM.Collect$$libinit$$0000000E  c_w.l(libinit2.o)
    0x080001a6   0x080001a6   0x00000000   Code   RO         4177    .ARM.Collect$$libinit$$00000011  c_w.l(libinit2.o)
    0x080001a6   0x080001a6   0x00000000   Code   RO         4179    .ARM.Collect$$libinit$$00000013  c_w.l(libinit2.o)
    0x080001a6   0x080001a6   0x00000000   Code   RO         4181    .ARM.Collect$$libinit$$00000015  c_w.l(libinit2.o)
    0x080001a6   0x080001a6   0x00000000   Code   RO         4183    .ARM.Collect$$libinit$$00000017  c_w.l(libinit2.o)
    0x080001a6   0x080001a6   0x00000000   Code   RO         4185    .ARM.Collect$$libinit$$00000019  c_w.l(libinit2.o)
    0x080001a6   0x080001a6   0x00000000   Code   RO         4187    .ARM.Collect$$libinit$$0000001B  c_w.l(libinit2.o)
    0x080001a6   0x080001a6   0x00000000   Code   RO         4189    .ARM.Collect$$libinit$$0000001D  c_w.l(libinit2.o)
    0x080001a6   0x080001a6   0x00000000   Code   RO         4191    .ARM.Collect$$libinit$$0000001F  c_w.l(libinit2.o)
    0x080001a6   0x080001a6   0x00000000   Code   RO         4193    .ARM.Collect$$libinit$$00000021  c_w.l(libinit2.o)
    0x080001a6   0x080001a6   0x00000000   Code   RO         4195    .ARM.Collect$$libinit$$00000023  c_w.l(libinit2.o)
    0x080001a6   0x080001a6   0x00000000   Code   RO         4197    .ARM.Collect$$libinit$$00000025  c_w.l(libinit2.o)
    0x080001a6   0x080001a6   0x00000000   Code   RO         4201    .ARM.Collect$$libinit$$0000002C  c_w.l(libinit2.o)
    0x080001a6   0x080001a6   0x00000000   Code   RO         4203    .ARM.Collect$$libinit$$0000002E  c_w.l(libinit2.o)
    0x080001a6   0x080001a6   0x00000000   Code   RO         4205    .ARM.Collect$$libinit$$00000030  c_w.l(libinit2.o)
    0x080001a6   0x080001a6   0x00000000   Code   RO         4207    .ARM.Collect$$libinit$$00000032  c_w.l(libinit2.o)
    0x080001a6   0x080001a6   0x00000002   Code   RO         4208    .ARM.Collect$$libinit$$00000033  c_w.l(libinit2.o)
    0x080001a8   0x080001a8   0x00000002   Code   RO         4228    .ARM.Collect$$libshutdown$$00000000  c_w.l(libshutdown.o)
    0x080001aa   0x080001aa   0x00000000   Code   RO         4241    .ARM.Collect$$libshutdown$$00000002  c_w.l(libshutdown2.o)
    0x080001aa   0x080001aa   0x00000000   Code   RO         4243    .ARM.Collect$$libshutdown$$00000004  c_w.l(libshutdown2.o)
    0x080001aa   0x080001aa   0x00000000   Code   RO         4246    .ARM.Collect$$libshutdown$$00000007  c_w.l(libshutdown2.o)
    0x080001aa   0x080001aa   0x00000000   Code   RO         4249    .ARM.Collect$$libshutdown$$0000000A  c_w.l(libshutdown2.o)
    0x080001aa   0x080001aa   0x00000000   Code   RO         4251    .ARM.Collect$$libshutdown$$0000000C  c_w.l(libshutdown2.o)
    0x080001aa   0x080001aa   0x00000000   Code   RO         4254    .ARM.Collect$$libshutdown$$0000000F  c_w.l(libshutdown2.o)
    0x080001aa   0x080001aa   0x00000002   Code   RO         4255    .ARM.Collect$$libshutdown$$00000010  c_w.l(libshutdown2.o)
    0x080001ac   0x080001ac   0x00000000   Code   RO         4116    .ARM.Collect$$rtentry$$00000000  c_w.l(__rtentry.o)
    0x080001ac   0x080001ac   0x00000000   Code   RO         4131    .ARM.Collect$$rtentry$$00000002  c_w.l(__rtentry2.o)
    0x080001ac   0x080001ac   0x00000006   Code   RO         4143    .ARM.Collect$$rtentry$$00000004  c_w.l(__rtentry4.o)
    0x080001b2   0x080001b2   0x00000000   Code   RO         4133    .ARM.Collect$$rtentry$$00000009  c_w.l(__rtentry2.o)
    0x080001b2   0x080001b2   0x00000004   Code   RO         4134    .ARM.Collect$$rtentry$$0000000A  c_w.l(__rtentry2.o)
    0x080001b6   0x080001b6   0x00000000   Code   RO         4136    .ARM.Collect$$rtentry$$0000000C  c_w.l(__rtentry2.o)
    0x080001b6   0x080001b6   0x00000008   Code   RO         4137    .ARM.Collect$$rtentry$$0000000D  c_w.l(__rtentry2.o)
    0x080001be   0x080001be   0x00000002   Code   RO         4162    .ARM.Collect$$rtexit$$00000000  c_w.l(rtexit.o)
    0x080001c0   0x080001c0   0x00000000   Code   RO         4210    .ARM.Collect$$rtexit$$00000002  c_w.l(rtexit2.o)
    0x080001c0   0x080001c0   0x00000004   Code   RO         4211    .ARM.Collect$$rtexit$$00000003  c_w.l(rtexit2.o)
    0x080001c4   0x080001c4   0x00000006   Code   RO         4212    .ARM.Collect$$rtexit$$00000004  c_w.l(rtexit2.o)
    0x080001ca   0x080001ca   0x00000002   PAD
    0x080001cc   0x080001cc   0x00000040   Code   RO            4    .text               startup_stm32f103xe.o
    0x0800020c   0x0800020c   0x00000058   Code   RO         4062    .text               c_w.l(memcmp.o)
    0x08000264   0x08000264   0x0000008a   Code   RO         4064    .text               c_w.l(rt_memcpy_v6.o)
    0x080002ee   0x080002ee   0x00000064   Code   RO         4066    .text               c_w.l(rt_memcpy_w.o)
    0x08000352   0x08000352   0x00000044   Code   RO         4068    .text               c_w.l(rt_memclr.o)
    0x08000396   0x08000396   0x0000004e   Code   RO         4070    .text               c_w.l(rt_memclr_w.o)
    0x080003e4   0x080003e4   0x00000006   Code   RO         4072    .text               c_w.l(heapauxi.o)
    0x080003ea   0x080003ea   0x0000004a   Code   RO         4147    .text               c_w.l(sys_stackheap_outer.o)
    0x08000434   0x08000434   0x00000012   Code   RO         4149    .text               c_w.l(exit.o)
    0x08000446   0x08000446   0x00000002   PAD
    0x08000448   0x08000448   0x00000008   Code   RO         4159    .text               c_w.l(libspace.o)
    0x08000450   0x08000450   0x0000000c   Code   RO         4220    .text               c_w.l(sys_exit.o)
    0x0800045c   0x0800045c   0x00000002   Code   RO         4231    .text               c_w.l(use_no_semi.o)
    0x0800045e   0x0800045e   0x00000000   Code   RO         4233    .text               c_w.l(indicate_semi.o)
    0x0800045e   0x0800045e   0x00000002   PAD
    0x08000460   0x08000460   0x0000000c   Code   RO          410    i.ADC1_2_IRQHandler  stm32f1xx_it.o
    0x0800046c   0x0800046c   0x00000054   Code   RO          600    i.ADC_ConversionStop_Disable  stm32f1xx_hal_adc.o
    0x080004c0   0x080004c0   0x0000004e   Code   RO          601    i.ADC_DMAConvCplt   stm32f1xx_hal_adc.o
    0x0800050e   0x0800050e   0x0000001a   Code   RO          602    i.ADC_DMAError      stm32f1xx_hal_adc.o
    0x08000528   0x08000528   0x0000000a   Code   RO          603    i.ADC_DMAHalfConvCplt  stm32f1xx_hal_adc.o
    0x08000532   0x08000532   0x00000002   PAD
    0x08000534   0x08000534   0x00000078   Code   RO          604    i.ADC_Enable        stm32f1xx_hal_adc.o
    0x080005ac   0x080005ac   0x00000048   Code   RO         3664    i.ADC_MapSpeed      process.o
    0x080005f4   0x080005f4   0x00000002   Code   RO          411    i.BusFault_Handler  stm32f1xx_it.o
    0x080005f6   0x080005f6   0x00000002   PAD
    0x080005f8   0x080005f8   0x0000000c   Code   RO          412    i.DMA1_Channel1_IRQHandler  stm32f1xx_it.o
    0x08000604   0x08000604   0x0000000c   Code   RO          413    i.DMA1_Channel4_IRQHandler  stm32f1xx_it.o
    0x08000610   0x08000610   0x0000000c   Code   RO          414    i.DMA1_Channel5_IRQHandler  stm32f1xx_it.o
    0x0800061c   0x0800061c   0x0000000c   Code   RO          415    i.DMA1_Channel6_IRQHandler  stm32f1xx_it.o
    0x08000628   0x08000628   0x0000000c   Code   RO          416    i.DMA1_Channel7_IRQHandler  stm32f1xx_it.o
    0x08000634   0x08000634   0x0000002a   Code   RO         1256    i.DMA_SetConfig     stm32f1xx_hal_dma.o
    0x0800065e   0x0800065e   0x00000002   Code   RO          417    i.DebugMon_Handler  stm32f1xx_it.o
    0x08000660   0x08000660   0x00000004   Code   RO           13    i.Error_Handler     main.o
    0x08000664   0x08000664   0x000000d8   Code   RO          780    i.HAL_ADCEx_Calibration_Start  stm32f1xx_hal_adc_ex.o
    0x0800073c   0x0800073c   0x00000002   Code   RO          782    i.HAL_ADCEx_InjectedConvCpltCallback  stm32f1xx_hal_adc_ex.o
    0x0800073e   0x0800073e   0x00000002   PAD
    0x08000740   0x08000740   0x000000fc   Code   RO          606    i.HAL_ADC_ConfigChannel  stm32f1xx_hal_adc.o
    0x0800083c   0x0800083c   0x00000002   Code   RO          607    i.HAL_ADC_ConvCpltCallback  stm32f1xx_hal_adc.o
    0x0800083e   0x0800083e   0x00000002   Code   RO          608    i.HAL_ADC_ConvHalfCpltCallback  stm32f1xx_hal_adc.o
    0x08000840   0x08000840   0x00000002   Code   RO          610    i.HAL_ADC_ErrorCallback  stm32f1xx_hal_adc.o
    0x08000842   0x08000842   0x000000dc   Code   RO          614    i.HAL_ADC_IRQHandler  stm32f1xx_hal_adc.o
    0x0800091e   0x0800091e   0x00000002   PAD
    0x08000920   0x08000920   0x00000120   Code   RO          615    i.HAL_ADC_Init      stm32f1xx_hal_adc.o
    0x08000a40   0x08000a40   0x00000002   Code   RO          616    i.HAL_ADC_LevelOutOfWindowCallback  stm32f1xx_hal_adc.o
    0x08000a42   0x08000a42   0x00000002   PAD
    0x08000a44   0x08000a44   0x000000c0   Code   RO          213    i.HAL_ADC_MspInit   adc.o
    0x08000b04   0x08000b04   0x0000010c   Code   RO          622    i.HAL_ADC_Start_DMA  stm32f1xx_hal_adc.o
    0x08000c10   0x08000c10   0x00000046   Code   RO         1257    i.HAL_DMA_Abort     stm32f1xx_hal_dma.o
    0x08000c56   0x08000c56   0x00000002   PAD
    0x08000c58   0x08000c58   0x00000130   Code   RO         1258    i.HAL_DMA_Abort_IT  stm32f1xx_hal_dma.o
    0x08000d88   0x08000d88   0x00000248   Code   RO         1262    i.HAL_DMA_IRQHandler  stm32f1xx_hal_dma.o
    0x08000fd0   0x08000fd0   0x0000007c   Code   RO         1263    i.HAL_DMA_Init      stm32f1xx_hal_dma.o
    0x0800104c   0x0800104c   0x00000070   Code   RO         1267    i.HAL_DMA_Start_IT  stm32f1xx_hal_dma.o
    0x080010bc   0x080010bc   0x000001f0   Code   RO         1193    i.HAL_GPIO_Init     stm32f1xx_hal_gpio.o
    0x080012ac   0x080012ac   0x0000000a   Code   RO         1195    i.HAL_GPIO_ReadPin  stm32f1xx_hal_gpio.o
    0x080012b6   0x080012b6   0x00000002   PAD
    0x080012b8   0x080012b8   0x0000000c   Code   RO          887    i.HAL_GetTick       stm32f1xx_hal.o
    0x080012c4   0x080012c4   0x00000188   Code   RO         1864    i.HAL_I2C_Init      stm32f1xx_hal_i2c.o
    0x0800144c   0x0800144c   0x0000012c   Code   RO         1877    i.HAL_I2C_Master_Transmit  stm32f1xx_hal_i2c.o
    0x08001578   0x08001578   0x00000070   Code   RO          279    i.HAL_I2C_MspInit   i2c.o
    0x080015e8   0x080015e8   0x00000010   Code   RO          893    i.HAL_IncTick       stm32f1xx_hal.o
    0x080015f8   0x080015f8   0x00000024   Code   RO          894    i.HAL_Init          stm32f1xx_hal.o
    0x0800161c   0x0800161c   0x00000040   Code   RO          895    i.HAL_InitTick      stm32f1xx_hal.o
    0x0800165c   0x0800165c   0x0000003c   Code   RO          540    i.HAL_MspInit       stm32f1xx_hal_msp.o
    0x08001698   0x08001698   0x0000001a   Code   RO         1353    i.HAL_NVIC_EnableIRQ  stm32f1xx_hal_cortex.o
    0x080016b2   0x080016b2   0x00000002   PAD
    0x080016b4   0x080016b4   0x00000040   Code   RO         1359    i.HAL_NVIC_SetPriority  stm32f1xx_hal_cortex.o
    0x080016f4   0x080016f4   0x00000024   Code   RO         1360    i.HAL_NVIC_SetPriorityGrouping  stm32f1xx_hal_cortex.o
    0x08001718   0x08001718   0x000000b8   Code   RO         1154    i.HAL_RCCEx_GetPeriphCLKFreq  stm32f1xx_hal_rcc_ex.o
    0x080017d0   0x080017d0   0x000000e8   Code   RO         1155    i.HAL_RCCEx_PeriphCLKConfig  stm32f1xx_hal_rcc_ex.o
    0x080018b8   0x080018b8   0x00000138   Code   RO         1051    i.HAL_RCC_ClockConfig  stm32f1xx_hal_rcc.o
    0x080019f0   0x080019f0   0x00000020   Code   RO         1058    i.HAL_RCC_GetPCLK1Freq  stm32f1xx_hal_rcc.o
    0x08001a10   0x08001a10   0x00000020   Code   RO         1059    i.HAL_RCC_GetPCLK2Freq  stm32f1xx_hal_rcc.o
    0x08001a30   0x08001a30   0x0000004c   Code   RO         1060    i.HAL_RCC_GetSysClockFreq  stm32f1xx_hal_rcc.o
    0x08001a7c   0x08001a7c   0x00000318   Code   RO         1063    i.HAL_RCC_OscConfig  stm32f1xx_hal_rcc.o
    0x08001d94   0x08001d94   0x00000028   Code   RO         1364    i.HAL_SYSTICK_Config  stm32f1xx_hal_cortex.o
    0x08001dbc   0x08001dbc   0x00000002   Code   RO         2996    i.HAL_TIMEx_BreakCallback  stm32f1xx_hal_tim_ex.o
    0x08001dbe   0x08001dbe   0x00000002   Code   RO         2997    i.HAL_TIMEx_CommutCallback  stm32f1xx_hal_tim_ex.o
    0x08001dc0   0x08001dc0   0x0000007c   Code   RO         3015    i.HAL_TIMEx_MasterConfigSynchronization  stm32f1xx_hal_tim_ex.o
    0x08001e3c   0x08001e3c   0x0000005a   Code   RO         2292    i.HAL_TIM_Base_Init  stm32f1xx_hal_tim.o
    0x08001e96   0x08001e96   0x00000002   PAD
    0x08001e98   0x08001e98   0x0000003c   Code   RO          321    i.HAL_TIM_Base_MspInit  tim.o
    0x08001ed4   0x08001ed4   0x000000dc   Code   RO         2301    i.HAL_TIM_ConfigClockSource  stm32f1xx_hal_tim.o
    0x08001fb0   0x08001fb0   0x00000002   Code   RO         2326    i.HAL_TIM_IC_CaptureCallback  stm32f1xx_hal_tim.o
    0x08001fb2   0x08001fb2   0x00000130   Code   RO         2340    i.HAL_TIM_IRQHandler  stm32f1xx_hal_tim.o
    0x080020e2   0x080020e2   0x00000002   Code   RO         2343    i.HAL_TIM_OC_DelayElapsedCallback  stm32f1xx_hal_tim.o
    0x080020e4   0x080020e4   0x00000002   Code   RO         2370    i.HAL_TIM_PWM_PulseFinishedCallback  stm32f1xx_hal_tim.o
    0x080020e6   0x080020e6   0x00000002   Code   RO         2378    i.HAL_TIM_PeriodElapsedCallback  stm32f1xx_hal_tim.o
    0x080020e8   0x080020e8   0x00000002   Code   RO         2383    i.HAL_TIM_TriggerCallback  stm32f1xx_hal_tim.o
    0x080020ea   0x080020ea   0x00000052   Code   RO         3273    i.HAL_UARTEx_ReceiveToIdle_DMA  stm32f1xx_hal_uart.o
    0x0800213c   0x0800213c   0x0000001c   Code   RO         3784    i.HAL_UARTEx_RxEventCallback  test_zigbee.o
    0x08002158   0x08002158   0x00000002   Code   RO         3289    i.HAL_UART_ErrorCallback  stm32f1xx_hal_uart.o
    0x0800215a   0x0800215a   0x00000002   PAD
    0x0800215c   0x0800215c   0x0000026c   Code   RO         3292    i.HAL_UART_IRQHandler  stm32f1xx_hal_uart.o
    0x080023c8   0x080023c8   0x00000064   Code   RO         3293    i.HAL_UART_Init     stm32f1xx_hal_uart.o
    0x0800242c   0x0800242c   0x000001b4   Code   RO          363    i.HAL_UART_MspInit  usart.o
    0x080025e0   0x080025e0   0x00000002   Code   RO         3299    i.HAL_UART_RxCpltCallback  stm32f1xx_hal_uart.o
    0x080025e2   0x080025e2   0x00000002   Code   RO         3300    i.HAL_UART_RxHalfCpltCallback  stm32f1xx_hal_uart.o
    0x080025e4   0x080025e4   0x0000007c   Code   RO         3302    i.HAL_UART_Transmit_DMA  stm32f1xx_hal_uart.o
    0x08002660   0x08002660   0x00000002   Code   RO         3304    i.HAL_UART_TxCpltCallback  stm32f1xx_hal_uart.o
    0x08002662   0x08002662   0x00000002   Code   RO         3305    i.HAL_UART_TxHalfCpltCallback  stm32f1xx_hal_uart.o
    0x08002664   0x08002664   0x0000017c   Code   RO         3665    i.HandleOrderProcess  process.o
    0x080027e0   0x080027e0   0x0000003c   Code   RO         3666    i.Handle_Init       process.o
    0x0800281c   0x0800281c   0x00000002   Code   RO          418    i.HardFault_Handler  stm32f1xx_it.o
    0x0800281e   0x0800281e   0x0000002e   Code   RO         1907    i.I2C_IsAcknowledgeFailed  stm32f1xx_hal_i2c.o
    0x0800284c   0x0800284c   0x0000009c   Code   RO         1911    i.I2C_MasterRequestWrite  stm32f1xx_hal_i2c.o
    0x080028e8   0x080028e8   0x00000056   Code   RO         1922    i.I2C_WaitOnBTFFlagUntilTimeout  stm32f1xx_hal_i2c.o
    0x0800293e   0x0800293e   0x00000088   Code   RO         1923    i.I2C_WaitOnFlagUntilTimeout  stm32f1xx_hal_i2c.o
    0x080029c6   0x080029c6   0x000000ba   Code   RO         1924    i.I2C_WaitOnMasterAddressFlagUntilTimeout  stm32f1xx_hal_i2c.o
    0x08002a80   0x08002a80   0x00000056   Code   RO         1926    i.I2C_WaitOnTXEFlagUntilTimeout  stm32f1xx_hal_i2c.o
    0x08002ad6   0x08002ad6   0x00000002   PAD
    0x08002ad8   0x08002ad8   0x00000078   Code   RO          214    i.MX_ADC1_Init      adc.o
    0x08002b50   0x08002b50   0x0000006c   Code   RO          254    i.MX_DMA_Init       dma.o
    0x08002bbc   0x08002bbc   0x000000b4   Code   RO          188    i.MX_GPIO_Init      gpio.o
    0x08002c70   0x08002c70   0x00000040   Code   RO          280    i.MX_I2C1_Init      i2c.o
    0x08002cb0   0x08002cb0   0x00000068   Code   RO          322    i.MX_TIM1_Init      tim.o
    0x08002d18   0x08002d18   0x00000038   Code   RO          364    i.MX_USART1_UART_Init  usart.o
    0x08002d50   0x08002d50   0x00000038   Code   RO          365    i.MX_USART2_UART_Init  usart.o
    0x08002d88   0x08002d88   0x00000002   Code   RO          419    i.MemManage_Handler  stm32f1xx_it.o
    0x08002d8a   0x08002d8a   0x00000002   Code   RO          420    i.NMI_Handler       stm32f1xx_it.o
    0x08002d8c   0x08002d8c   0x000000b6   Code   RO         3876    i.OLED_Init         oled.o
    0x08002e42   0x08002e42   0x00000002   PAD
    0x08002e44   0x08002e44   0x00000010   Code   RO         3877    i.OLED_NewFrame     oled.o
    0x08002e54   0x08002e54   0x00000020   Code   RO         3878    i.OLED_PrintASCIIChar  oled.o
    0x08002e74   0x08002e74   0x000000c6   Code   RO         3880    i.OLED_PrintString  oled.o
    0x08002f3a   0x08002f3a   0x00000002   PAD
    0x08002f3c   0x08002f3c   0x0000001c   Code   RO         3881    i.OLED_Send         oled.o
    0x08002f58   0x08002f58   0x00000010   Code   RO         3882    i.OLED_SendCmd      oled.o
    0x08002f68   0x08002f68   0x00000048   Code   RO         3883    i.OLED_SetBits      oled.o
    0x08002fb0   0x08002fb0   0x00000068   Code   RO         3884    i.OLED_SetBits_Fine  oled.o
    0x08003018   0x08003018   0x0000008a   Code   RO         3885    i.OLED_SetBlock     oled.o
    0x080030a2   0x080030a2   0x00000002   PAD
    0x080030a4   0x080030a4   0x00000048   Code   RO         3887    i.OLED_SetByte_Fine  oled.o
    0x080030ec   0x080030ec   0x00000048   Code   RO         3890    i.OLED_ShowFrame    oled.o
    0x08003134   0x08003134   0x00000002   Code   RO          421    i.PendSV_Handler    stm32f1xx_it.o
    0x08003136   0x08003136   0x00000002   Code   RO          422    i.SVC_Handler       stm32f1xx_it.o
    0x08003138   0x08003138   0x00000004   Code   RO          423    i.SysTick_Handler   stm32f1xx_it.o
    0x0800313c   0x0800313c   0x0000007a   Code   RO           14    i.SystemClock_Config  main.o
    0x080031b6   0x080031b6   0x00000002   Code   RO         3627    i.SystemInit        system_stm32f1xx.o
    0x080031b8   0x080031b8   0x0000000c   Code   RO          424    i.TIM1_UP_IRQHandler  stm32f1xx_it.o
    0x080031c4   0x080031c4   0x0000009c   Code   RO         2385    i.TIM_Base_SetConfig  stm32f1xx_hal_tim.o
    0x08003260   0x08003260   0x00000014   Code   RO         2396    i.TIM_ETR_SetConfig  stm32f1xx_hal_tim.o
    0x08003274   0x08003274   0x00000010   Code   RO         2397    i.TIM_ITRx_SetConfig  stm32f1xx_hal_tim.o
    0x08003284   0x08003284   0x00000022   Code   RO         2403    i.TIM_TI1_ConfigInputStage  stm32f1xx_hal_tim.o
    0x080032a6   0x080032a6   0x00000024   Code   RO         2405    i.TIM_TI2_ConfigInputStage  stm32f1xx_hal_tim.o
    0x080032ca   0x080032ca   0x00000010   Code   RO         3306    i.UART_DMAAbortOnError  stm32f1xx_hal_uart.o
    0x080032da   0x080032da   0x0000004a   Code   RO         3307    i.UART_DMAError     stm32f1xx_hal_uart.o
    0x08003324   0x08003324   0x00000086   Code   RO         3308    i.UART_DMAReceiveCplt  stm32f1xx_hal_uart.o
    0x080033aa   0x080033aa   0x0000001e   Code   RO         3310    i.UART_DMARxHalfCplt  stm32f1xx_hal_uart.o
    0x080033c8   0x080033c8   0x00000042   Code   RO         3312    i.UART_DMATransmitCplt  stm32f1xx_hal_uart.o
    0x0800340a   0x0800340a   0x0000000a   Code   RO         3314    i.UART_DMATxHalfCplt  stm32f1xx_hal_uart.o
    0x08003414   0x08003414   0x0000004e   Code   RO         3316    i.UART_EndRxTransfer  stm32f1xx_hal_uart.o
    0x08003462   0x08003462   0x0000001c   Code   RO         3317    i.UART_EndTxTransfer  stm32f1xx_hal_uart.o
    0x0800347e   0x0800347e   0x000000c2   Code   RO         3318    i.UART_Receive_IT   stm32f1xx_hal_uart.o
    0x08003540   0x08003540   0x000000b8   Code   RO         3319    i.UART_SetConfig    stm32f1xx_hal_uart.o
    0x080035f8   0x080035f8   0x00000094   Code   RO         3320    i.UART_Start_Receive_DMA  stm32f1xx_hal_uart.o
    0x0800368c   0x0800368c   0x0000000c   Code   RO          425    i.USART1_IRQHandler  stm32f1xx_it.o
    0x08003698   0x08003698   0x0000000c   Code   RO          426    i.USART2_IRQHandler  stm32f1xx_it.o
    0x080036a4   0x080036a4   0x00000002   Code   RO          427    i.UsageFault_Handler  stm32f1xx_it.o
    0x080036a6   0x080036a6   0x00000030   Code   RO         3716    i.Zigbee_ErrorHandler  zigbee.o
    0x080036d6   0x080036d6   0x00000002   PAD
    0x080036d8   0x080036d8   0x00000060   Code   RO         3719    i.Zigbee_Init       zigbee.o
    0x08003738   0x08003738   0x00000024   Code   RO         3721    i.Zigbee_RxEventHandler  zigbee.o
    0x0800375c   0x0800375c   0x00000080   Code   RO         3722    i.Zigbee_Send       zigbee.o
    0x080037dc   0x080037dc   0x00000032   Code   RO         3891    i._OLED_GetUTF8Len  oled.o
    0x0800380e   0x0800380e   0x00000020   Code   RO         1366    i.__NVIC_SetPriority  stm32f1xx_hal_cortex.o
    0x0800382e   0x0800382e   0x000000aa   Code   RO         3723    i.frame_parse       zigbee.o
    0x080038d8   0x080038d8   0x00000064   Code   RO         3667    i.key_scan          process.o
    0x0800393c   0x0800393c   0x00000100   Code   RO           15    i.main              main.o
    0x08003a3c   0x08003a3c   0x000000c4   Code   RO         4094    x$fpl$fadd          fz_ws.l(faddsub_clz.o)
    0x08003b00   0x08003b00   0x0000000c   Code   RO         4121    x$fpl$fcheck1       fz_ws.l(fcheck1.o)
    0x08003b0c   0x08003b0c   0x00000184   Code   RO         4101    x$fpl$fdiv          fz_ws.l(fdiv.o)
    0x08003c90   0x08003c90   0x00000030   Code   RO         4107    x$fpl$fflt          fz_ws.l(fflt_clz.o)
    0x08003cc0   0x08003cc0   0x00000102   Code   RO         4112    x$fpl$fmul          fz_ws.l(fmul.o)
    0x08003dc2   0x08003dc2   0x0000008c   Code   RO         4125    x$fpl$fnaninf       fz_ws.l(fnaninf.o)
    0x08003e4e   0x08003e4e   0x0000000a   Code   RO         4127    x$fpl$fretinf       fz_ws.l(fretinf.o)
    0x08003e58   0x08003e58   0x000000ea   Code   RO         4096    x$fpl$fsub          fz_ws.l(faddsub_clz.o)
    0x08003f42   0x08003f42   0x00000064   Code   RO         4145    x$fpl$retnan        fz_ws.l(retnan.o)
    0x08003fa6   0x08003fa6   0x0000004c   Code   RO         4114    x$fpl$scalbnf       fz_ws.l(scalbnf.o)
    0x08003ff2   0x08003ff2   0x00000030   Code   RO         4157    x$fpl$trapveneer    fz_ws.l(trapv.o)
    0x08004022   0x08004022   0x00000000   Code   RO         4129    x$fpl$usenofp       fz_ws.l(usenofp.o)
    0x08004022   0x08004022   0x00000012   Data   RO         1064    .constdata          stm32f1xx_hal_rcc.o
    0x08004034   0x08004034   0x00000012   Data   RO         1156    .constdata          stm32f1xx_hal_rcc_ex.o
    0x08004046   0x08004046   0x00000010   Data   RO         3628    .constdata          system_stm32f1xx.o
    0x08004056   0x08004056   0x00000008   Data   RO         3629    .constdata          system_stm32f1xx.o
    0x0800405e   0x0800405e   0x000005f0   Data   RO         3843    .constdata          font.o
    0x0800464e   0x0800464e   0x00000002   PAD
    0x08004650   0x08004650   0x00000008   Data   RO         3844    .constdata          font.o
    0x08004658   0x08004658   0x00000090   Data   RO         3847    .constdata          font.o
    0x080046e8   0x080046e8   0x00000010   Data   RO         3848    .constdata          font.o
    0x080046f8   0x080046f8   0x00000020   Data   RO         4286    Region$$Table       anon$$obj.o


    Execution Region RW_IRAM1 (Exec base: 0x20000000, Load base: 0x08004718, Size: 0x00001080, Max: 0x00010000, ABSOLUTE)

    Exec Addr    Load Addr    Size         Type   Attr      Idx    E Section Name        Object

    0x20000000   0x08004718   0x00000008   Data   RW           17    .data               main.o
    0x20000008   0x08004720   0x0000000c   Data   RW          901    .data               stm32f1xx_hal.o
    0x20000014   0x0800472c   0x00000004   Data   RW         3630    .data               system_stm32f1xx.o
    0x20000018   0x08004730   0x00000006   Data   RW         3669    .data               process.o
    0x2000001e   0x08004736   0x00000004   Data   RW         3893    .data               oled.o
    0x20000022   0x0800473a   0x00000002   PAD
    0x20000024        -       0x0000013c   Zero   RW           16    .bss                main.o
    0x20000160        -       0x00000074   Zero   RW          215    .bss                adc.o
    0x200001d4        -       0x00000054   Zero   RW          281    .bss                i2c.o
    0x20000228        -       0x00000048   Zero   RW          323    .bss                tim.o
    0x20000270        -       0x000001a0   Zero   RW          366    .bss                usart.o
    0x20000410        -       0x00000034   Zero   RW         3668    .bss                process.o
    0x20000444        -       0x00000158   Zero   RW         3790    .bss                test_zigbee.o
    0x2000059c        -       0x00000481   Zero   RW         3892    .bss                oled.o
    0x20000a1d   0x0800473a   0x00000003   PAD
    0x20000a20        -       0x00000060   Zero   RW         4160    .bss                c_w.l(libspace.o)
    0x20000a80        -       0x00000200   Zero   RW            2    HEAP                startup_stm32f103xe.o
    0x20000c80        -       0x00000400   Zero   RW            1    STACK               startup_stm32f103xe.o


==============================================================================

Image component sizes


      Code (inc. data)   RO Data    RW Data    ZI Data      Debug   Object Name

       312         32          0          0        116       1859   adc.o
       108          4          0          0          0        802   dma.o
         0          0       1688          0          0       1605   font.o
       180         18          0          0          0       1019   gpio.o
       176         30          0          0         84       1685   i2c.o
       382         66          0          8        316     523496   main.o
       980         30          0          4       1153      11559   oled.o
       612         80          0          6         52       5791   process.o
        64         26        304          0       1536        816   startup_stm32f103xe.o
       128         24          0         12          0       5949   stm32f1xx_hal.o
      1354         58          0          0          0      10138   stm32f1xx_hal_adc.o
       218          6          0          0          0       2043   stm32f1xx_hal_adc_ex.o
       198         14          0          0          0      28947   stm32f1xx_hal_cortex.o
      1236         52          0          0          0       5162   stm32f1xx_hal_dma.o
       506         42          0          0          0       2875   stm32f1xx_hal_gpio.o
      1388         32          0          0          0       9189   stm32f1xx_hal_i2c.o
        60          8          0          0          0        890   stm32f1xx_hal_msp.o
      1244         84         18          0          0       5296   stm32f1xx_hal_rcc.o
       416         30         18          0          0       2625   stm32f1xx_hal_rcc_ex.o
       886         22          0          0          0      10073   stm32f1xx_hal_tim.o
       128         20          0          0          0       2509   stm32f1xx_hal_tim_ex.o
      1898         38          0          0          0      14943   stm32f1xx_hal_uart.o
       128         54          0          0          0       7962   stm32f1xx_it.o
         2          0         24          4          0       1131   system_stm32f1xx.o
        28         10          0          0        344       2001   test_zigbee.o
       164         18          0          0         72       1686   tim.o
       548         48          0          0        416       2823   usart.o
       478         12          0          0          0       5226   zigbee.o

    ----------------------------------------------------------------------
     13852        858       2086         36       4092     670100   Object Totals
         0          0         32          0          0          0   (incl. Generated)
        30          0          2          2          3          0   (incl. Padding)

    ----------------------------------------------------------------------

      Code (inc. data)   RO Data    RW Data    ZI Data      Debug   Library Member Name

         8          0          0          0          0         68   __main.o
         0          0          0          0          0          0   __rtentry.o
        12          0          0          0          0          0   __rtentry2.o
         6          0          0          0          0          0   __rtentry4.o
        52          8          0          0          0          0   __scatter.o
        26          0          0          0          0          0   __scatter_copy.o
        28          0          0          0          0          0   __scatter_zi.o
        18          0          0          0          0         80   exit.o
         6          0          0          0          0        152   heapauxi.o
         0          0          0          0          0          0   indicate_semi.o
         2          0          0          0          0          0   libinit.o
         2          0          0          0          0          0   libinit2.o
         2          0          0          0          0          0   libshutdown.o
         2          0          0          0          0          0   libshutdown2.o
         8          4          0          0         96         68   libspace.o
        88          0          0          0          0         76   memcmp.o
        68          0          0          0          0         68   rt_memclr.o
        78          0          0          0          0         80   rt_memclr_w.o
       138          0          0          0          0         68   rt_memcpy_v6.o
       100          0          0          0          0         80   rt_memcpy_w.o
         2          0          0          0          0          0   rtexit.o
        10          0          0          0          0          0   rtexit2.o
        12          4          0          0          0         68   sys_exit.o
        74          0          0          0          0         80   sys_stackheap_outer.o
         2          0          0          0          0         68   use_no_semi.o
       430          8          0          0          0        168   faddsub_clz.o
        12          4          0          0          0         68   fcheck1.o
       388         76          0          0          0         96   fdiv.o
        48          0          0          0          0         68   fflt_clz.o
       258          4          0          0          0         84   fmul.o
       140          4          0          0          0         84   fnaninf.o
        10          0          0          0          0         68   fretinf.o
       100          0          0          0          0         68   retnan.o
        76          0          0          0          0         68   scalbnf.o
        48          0          0          0          0         68   trapv.o
         0          0          0          0          0          0   usenofp.o

    ----------------------------------------------------------------------
      2262        112          0          0         96       1796   Library Totals
         8          0          0          0          0          0   (incl. Padding)

    ----------------------------------------------------------------------

      Code (inc. data)   RO Data    RW Data    ZI Data      Debug   Library Name

       744         16          0          0         96        956   c_w.l
      1510         96          0          0          0        840   fz_ws.l

    ----------------------------------------------------------------------
      2262        112          0          0         96       1796   Library Totals

    ----------------------------------------------------------------------

==============================================================================


      Code (inc. data)   RO Data    RW Data    ZI Data      Debug   

     16114        970       2086         36       4188     663936   Grand Totals
     16114        970       2086         36       4188     663936   ELF Image Totals
     16114        970       2086         36          0          0   ROM Totals

==============================================================================

    Total RO  Size (Code + RO Data)                18200 (  17.77kB)
    Total RW  Size (RW Data + ZI Data)              4224 (   4.13kB)
    Total ROM Size (Code + RO Data + RW Data)      18236 (  17.81kB)

==============================================================================

