<html>
<body>
<pre>
<h1>µVision Build Log</h1>
<h2>Tool Versions:</h2>
IDE-Version: ¦ÌVision V5.24.2.0
Copyright (C) 2017 ARM Ltd and ARM Germany GmbH. All rights reserved.
License Information: iii 1585262167@qq.com, iii, LIC=VGXG8-35JB3-PC7J8-3PY3N-XMR38-CH9FY
 
Tool Versions:
Toolchain:       MDK-ARM Plus  Version: 5.24.1
Toolchain Path:  D:\AppDowmload\KEIL\ARM\ARMCC\Bin
C Compiler:      Armcc.exe V5.06 update 5 (build 528)
Assembler:       Armasm.exe V5.06 update 5 (build 528)
Linker/Locator:  ArmLink.exe V5.06 update 5 (build 528)
Library Manager: ArmAr.exe V5.06 update 5 (build 528)
Hex Converter:   FromElf.exe V5.06 update 5 (build 528)
CPU DLL:         SARMCM3.DLL V5.24.1
Dialog DLL:      DCM.DLL V1.16.0.0
Target DLL:      STLink\ST-LINKIII-KEIL_SWO.dll V3.0.1.0
Dialog DLL:      TCM.DLL V1.32.0.0
 
<h2>Project:</h2>
D:\Project\LIMITI\SummerCamp\2027ROBOCONSummerCamp\RobotLower computer\MDK-ARM\RobotLower computer.uvprojx
Project File Date:  08/14/2026

<h2>Output:</h2>
*** Using Compiler 'V5.06 update 5 (build 528)', folder: 'D:\AppDowmload\KEIL\ARM\ARMCC\Bin'
Rebuild target 'RobotLower computer'
assembling startup_stm32h723xx.s...
compiling stm32h7xx_it.c...
compiling stm32h7xx_hal_hsem.c...
compiling stm32h7xx_hal_cortex.c...
compiling stm32h7xx_hal_timebase_tim.c...
compiling stm32h7xx_hal_gpio.c...
compiling stm32h7xx_hal_msp.c...
compiling gpio.c...
compiling usart.c...
compiling fdcan.c...
compiling dma.c...
compiling stm32h7xx_hal_flash.c...
compiling croutine.c...
compiling stm32h7xx_hal_pwr.c...
compiling event_groups.c...
compiling stm32h7xx_hal_mdma.c...
compiling stm32h7xx_hal_flash_ex.c...
compiling list.c...
compiling queue.c...
compiling stream_buffer.c...
compiling stm32h7xx_hal_tim_ex.c...
compiling timers.c...
compiling heap_4.c...
compiling tasks.c...
compiling ControlAlgorithm.c...
compiling stm32h7xx_hal_dma_ex.c...
compiling port.c...
compiling stm32h7xx_hal_rcc.c...
compiling freertos.c...
compiling main.c...
compiling stm32h7xx_hal_tim.c...
compiling stm32h7xx_hal_pwr_ex.c...
compiling stm32h7xx_hal_rcc_ex.c...
compiling chassis_mecanum.c...
compiling stm32h7xx_hal_dma.c...
compiling stm32h7xx_hal_i2c_ex.c...
compiling GO_M8010.c...
compiling stm32h7xx_hal_exti.c...
compiling stm32h7xx_hal_uart_ex.c...
compiling fdcan_common.c...
compiling flip.c...
compiling bsp_callback.c...
compiling stm32h7xx_hal.c...
compiling M3508.c...
compiling Pickup.c...
compiling zigbee.c...
compiling chassis.c...
compiling J60.c...
compiling system_stm32h7xx.c...
compiling StrategyAlgorithm.c...
compiling Core.c...
compiling GasPump.c...
compiling RoboticArm.c...
compiling stm32h7xx_hal_fdcan.c...
compiling cmsis_os2.c...
compiling stm32h7xx_hal_i2c.c...
compiling stm32h7xx_hal_uart.c...
compiling Test.c...
linking...
Program Size: Code=32900 RO-data=1512 RW-data=172 ZI-data=24524  
FromELF: creating hex file...
"RobotLower computer\RobotLower computer.axf" - 0 Error(s), 0 Warning(s).

<h2>Software Packages used:</h2>

Package Vendor: ARM
                http://www.keil.com/pack/ARM.CMSIS.5.0.1.pack
                ARM.CMSIS.5.0.1
                CMSIS (Cortex Microcontroller Software Interface Standard)
   * Component: CORE Version: 5.0.1

Package Vendor: Keil
                https://www.keil.com/pack/Keil.STM32H7xx_DFP.3.1.0.pack
                Keil.STM32H7xx_DFP.3.1.0
                STMicroelectronics STM32H7 Series Device Support and Examples

<h2>Collection of Component include folders:</h2>
  .\RTE\_RobotLower_computer
  D:\AppDowmload\KEIL\ARM\PACK\ARM\CMSIS\5.0.1\CMSIS\Include
  D:\AppDowmload\KEIL\ARM\PACK\Keil\STM32H7xx_DFP\3.1.0\Drivers\CMSIS\Device\ST\STM32H7xx\Include

<h2>Collection of Component Files used:</h2>

   * Component: ARM::CMSIS:CORE:5.0.1
Build Time Elapsed:  00:00:26
</pre>
</body>
</html>
