*** Using Compiler 'V5.06 update 5 (build 528)', folder: 'D:\AppDowmload\KEIL\ARM\ARMCC\Bin'
Build target 'Handle'
assembling startup_stm32f103xe.s...
compiling main.c...
compiling dma.c...
compiling gpio.c...
compiling stm32f1xx_hal.c...
compiling stm32f1xx_hal_pwr.c...
compiling i2c.c...
compiling stm32f1xx_hal_gpio_ex.c...
compiling adc.c...
compiling stm32f1xx_hal_rcc_ex.c...
compiling stm32f1xx_hal_msp.c...
compiling stm32f1xx_hal_cortex.c...
compiling stm32f1xx_hal_exti.c...
compiling stm32f1xx_hal_adc_ex.c...
compiling stm32f1xx_it.c...
compiling tim.c...
compiling stm32f1xx_hal_flash_ex.c...
compiling stm32f1xx_hal_flash.c...
compiling stm32f1xx_hal_gpio.c...
compiling stm32f1xx_hal_adc.c...
compiling usart.c...
compiling stm32f1xx_hal_dma.c...
compiling stm32f1xx_hal_rcc.c...
compiling font.c...
compiling stm32f1xx_hal_i2c.c...
compiling system_stm32f1xx.c...
compiling stm32f1xx_hal_tim_ex.c...
compiling zigbee.c...
compiling stm32f1xx_hal_uart.c...
compiling process.c...
compiling oled.c...
compiling stm32f1xx_hal_tim.c...
linking...
Program Size: Code=9140 RO-data=380 RW-data=16 ZI-data=2320  
FromELF: creating hex file...
"Handle\Handle.axf" - 0 Error(s), 0 Warning(s).
Build Time Elapsed:  00:00:03
